******************************************************************************
                  TI ARM Linker PC v5.1.7                      
******************************************************************************
>> Linked Fri Jul 25 23:10:34 2014

OUTPUT FILE NAME:   <HalCoGenTest.out>
ENTRY POINT SYMBOL: "_c_int00"  address: 00000020


MEMORY CONFIGURATION

         name            origin    length      used     unused   attr    fill
----------------------  --------  ---------  --------  --------  ----  --------
  VECTORS               00000000   00000020  00000020  00000000     X
  KERNEL                00000020   00008000  00003da0  00004260  R  X
  FLASH0                00008020   00057fe0  00007876  0005076a  R  X
  STACKS                08000000   00001500  00000000  00001500  RW  
  KRAM                  08001500   00000800  00000058  000007a8  RW  
  RAM                   08001d00   00006300  00002010  000042f0  RW  


SEGMENT ALLOCATION MAP

run origin  load origin   length   init length attrs members
----------  ----------- ---------- ----------- ----- -------
00000000    00000000    00000020   00000020    r-x
  00000000    00000000    00000020   00000020    r-x .intvecs
00000020    00000020    00003d40   00003d40    rwx
  00000020    00000020    00003d40   00003d40    rwx .kernelTEXT
00003d60    00003d60    00000060   00000060    r--
  00003d60    00003d60    00000060   00000060    r-- .cinit
00008020    00008020    00007876   00007876    r-x
  00008020    00008020    000075f4   000075f4    r-x .text
  0000f614    0000f614    00000282   00000282    r-- .const
08001500    08001500    00000058   00000000    rw-
  08001500    08001500    00000058   00000000    rw- .kernelBSS
08001d00    08001d00    00002010   00000000    rw-
  08001d00    08001d00    00002000   00000000    rw- .kernelHEAP
  08003d00    08003d00    00000010   00000000    rw- .data


SECTION ALLOCATION MAP

 output                                  attributes/
section   page    origin      length       input sections
--------  ----  ----------  ----------   ----------------
.intvecs   0    00000000    00000020     
                  00000000    00000020     sys_intvecs.obj (.intvecs)

.kernelTEXT 
*          0    00000020    00003d40     
                  00000020    000001f0     sys_startup.obj (.text:retain)
                  00000210    000000f8     sys_startup.obj (.text)
                  00000308    00001f40     os_tasks.obj (.kernelTEXT)
                  00002248    000000d0     os_tasks.obj (.kernelBSS:uninit) [fill = 0]
                  00002318    00000034     os_tasks.obj (.kernelBSS:init)
                  0000234c    00000030     os_tasks.obj (.bss:pcStatusString$1) [fill = 0]
                  0000237c    00000094     rtsv7R4_T_be_eabi.lib : auto_init.obj (.text)
                  00002410    00000060                           : copy_decompress_rle.obj (.text)
                  00002470    00000006                           : copy_decompress_rle.obj (.text:decompress:rle24)
                  00002476    00000002     --HOLE-- [fill = 0]
                  00002478    00000048                           : cpy_tbl.obj (.text)
                  000024c0    00000012                           : copy_zero_init.obj (.text:decompress:ZI)
                  000024d2    0000000e                           : copy_decompress_none.obj (.text:decompress:none)
                  000024e0    000008d8     os_timer.obj (.kernelTEXT)
                  00002db8    00000544     os_port.obj (.kernelTEXT)
                  000032fc    00000470     os_heap.obj (.kernelTEXT)
                  0000376c    000003ac     os_portasm.obj (.kernelTEXT)
                  00003b18    00000248     os_list.obj (.kernelTEXT)

.cinit     0    00003d60    00000060     
                  00003d60    0000001a     (.cinit..kernelBSS.load) [load image, compression = rle]
                  00003d7a    00000006     --HOLE-- [fill = 0]
                  00003d80    00000011     (.cinit..data.load) [load image, compression = rle]
                  00003d91    00000003     --HOLE-- [fill = 0]
                  00003d94    0000000c     (__TI_handler_table)
                  00003da0    00000008     (.cinit..kernelHEAP.load) [load image, compression = zero_init]
                  00003da8    00000018     (__TI_cinit_table)

.text      0    00008020    000075f4     
                  00008020    000025a8     sys_selftest.obj (.text)
                  0000a5c8    000010b0     os_queue.obj (.text)
                  0000b678    00000f08     rtsv7R4_T_be_eabi.lib : _printfi.obj (.text)
                  0000c580    00000a68     system.obj (.text)
                  0000cfe8    00000894     sys_vim.obj (.text)
                  0000d87c    00000634     esm.obj (.text)
                  0000deb0    00000340     sys_core.obj (.text)
                  0000e1f0    000002b8     rtsv7R4_T_be_eabi.lib : ull_div32.obj (.text)
                  0000e4a8    0000026c     sys_vim.obj (.text:retain)
                  0000e714    000001b6     rtsv7R4_T_be_eabi.lib : fd_add_t2.obj (.text)
                  0000e8ca    00000002     --HOLE-- [fill = 0]
                  0000e8cc    00000198     notification.obj (.text)
                  0000ea64    00000150     pinmux.obj (.text)
                  0000ebb4    00000136     rtsv7R4_T_be_eabi.lib : fd_div_t2.obj (.text)
                  0000ecea    00000002     --HOLE-- [fill = 0]
                  0000ecec    00000130     esm.obj (.text:retain)
                  0000ee1c    00000114     sys_pmu.obj (.text)
                  0000ef30    000000fc     rtsv7R4_T_be_eabi.lib : fd_mul_t2.obj (.text)
                  0000f02c    000000e8     dabort.obj (.text)
                  0000f114    0000009c     rtsv7R4_T_be_eabi.lib : memcpy_t2.obj (.text)
                  0000f1b0    00000086                           : fd_cmp_t2.obj (.text:__aeabi_cdcmple)
                  0000f236    00000086                           : fd_cmp_t2.obj (.text:__aeabi_cdrcmple)
                  0000f2bc    00000078                           : memset_t2.obj (.text)
                  0000f334    00000064                           : sprintf.obj (.text)
                  0000f398    0000005a                           : ltoa.obj (.text)
                  0000f3f2    00000002     --HOLE-- [fill = 0]
                  0000f3f4    00000050                           : atoi.obj (.text)
                  0000f444    0000004e                           : xdtest.obj (.text)
                  0000f492    00000048                           : fd_toi_t2.obj (.text)
                  0000f4da    00000002     --HOLE-- [fill = 0]
                  0000f4dc    00000044                           : exit.obj (.text)
                  0000f520    00000030                           : strncpy.obj (.text)
                  0000f550    0000002e                           : i_tofd_t2.obj (.text)
                  0000f57e    0000001c                           : memccpy.obj (.text)
                  0000f59a    0000001a                           : strcat.obj (.text)
                  0000f5b4    00000018                           : ll_mul_t2.obj (.text)
                  0000f5cc    00000016                           : strlen.obj (.text)
                  0000f5e2    00000002     --HOLE-- [fill = 0]
                  0000f5e4    00000014                           : _lock.obj (.text)
                  0000f5f8    0000000e                           : xdclass.obj (.text)
                  0000f606    00000002     --HOLE-- [fill = 0]
                  0000f608    00000004     pfabort.obj (.text)
                  0000f60c    00000004     sys_phantom.obj (.text:retain)
                  0000f610    00000004     sys_main.obj (.text)

.const     0    0000f614    00000282     
                  0000f614    00000180     sys_vim.obj (.const:s_vim_init)
                  0000f794    00000102     rtsv7R4_T_be_eabi.lib : ctype.obj (.const:.string:_ctypes_)

.kernelBSS 
*          0    08001500    00000058     UNINITIALIZED
                  08001500    00000030     os_timer.obj (.kernelBSS:uninit)
                  08001530    00000010     os_heap.obj (.kernelBSS:init)
                  08001540    00000008     os_timer.obj (.kernelBSS:init)
                  08001548    00000008     os_port.obj (.kernelBSS)
                  08001550    00000008     os_heap.obj (.kernelBSS:uninit)

.kernelHEAP 
*          0    08001d00    00002000     UNINITIALIZED
                  08001d00    00002000     os_heap.obj (.kernelHEAP)

.data      0    08003d00    00000010     UNINITIALIZED
                  08003d00    00000008     rtsv7R4_T_be_eabi.lib : _lock.obj (.data)
                  08003d08    00000008                           : exit.obj (.data)


LINKER GENERATED COPY TABLES

__TI_cinit_table @ 00003da8 records: 3, size/record: 8, table size: 24
	.kernelBSS: load addr=00003d60, load size=0000001a bytes, run addr=08001500, run size=00000058 bytes, compression=rle
	.data: load addr=00003d80, load size=00000011 bytes, run addr=08003d00, run size=00000010 bytes, compression=rle
	.kernelHEAP: load addr=00003da0, load size=00000008 bytes, run addr=08001d00, run size=00002000 bytes, compression=zero_init


LINKER GENERATED HANDLER TABLE

__TI_handler_table @ 00003d94 records: 3, size/record: 4, table size: 12
	index: 0, handler: __TI_decompress_rle24
	index: 1, handler: __TI_decompress_none
	index: 2, handler: __TI_zero_init


GLOBAL SYMBOLS: SORTED ALPHABETICALLY BY Name 

address    name
--------   ----
0000f4dd   C$$EXIT
UNDEFED    SHT$$INIT_ARRAY$$Base
UNDEFED    SHT$$INIT_ARRAY$$Limit
0000f5f9   _Dclass
0000f445   _Dtest
00003da8   __TI_CINIT_Base
00003dc0   __TI_CINIT_Limit
00003d94   __TI_Handler_Table_Base
00003da0   __TI_Handler_Table_Limit
0000e1e8   __TI_PINIT_Base
0000e1ec   __TI_PINIT_Limit
0000237d   __TI_auto_init
08003d08   __TI_cleanup_ptr
000024d3   __TI_decompress_none
00002471   __TI_decompress_rle24
08003d0c   __TI_dtors_ptr
0000c273   __TI_printfi
00000000   __TI_static_base__
000024c1   __TI_zero_init
0000f1b1   __aeabi_cdcmpeq
0000f1b1   __aeabi_cdcmple
0000f237   __aeabi_cdrcmple
0000f493   __aeabi_d2iz
0000e71f   __aeabi_dadd
0000ebb5   __aeabi_ddiv
0000ef31   __aeabi_dmul
0000e715   __aeabi_dsub
0000f551   __aeabi_i2d
0000f5b5   __aeabi_lmul
0000f2bd   __aeabi_memclr
0000f2bd   __aeabi_memclr4
0000f2bd   __aeabi_memclr8
0000f115   __aeabi_memcpy
0000f115   __aeabi_memcpy4
0000f115   __aeabi_memcpy8
0000f2bf   __aeabi_memset
0000f2bf   __aeabi_memset4
0000f2bf   __aeabi_memset8
0000e1f0   __aeabi_uldivmod
ffffffff   __binit__
ffffffff   __c_args__
00000020   _c_int00
0000e0f8   _coreClearAuxiliaryDataFault_
0000e114   _coreClearAuxiliaryInstructionFault_
0000e0c0   _coreClearDataFaultAddress_
0000e088   _coreClearDataFault_
0000e0dc   _coreClearInstructionFaultAddress_
0000e0a4   _coreClearInstructionFault_
0000dfec   _coreDisableEventBusExport_
0000e050   _coreDisableFlashEcc_
0000e01c   _coreDisableRamEcc_
0000dfd4   _coreEnableEventBusExport_
0000e034   _coreEnableFlashEcc_
0000e068   _coreEnableIrqVicOffset_
0000e004   _coreEnableRamEcc_
0000e0f0   _coreGetAuxiliaryDataFault_
0000e10c   _coreGetAuxiliaryInstructionFault_
0000e0b8   _coreGetDataFaultAddress_
0000e080   _coreGetDataFault_
0000e0d4   _coreGetInstructionFaultAddress_
0000e09c   _coreGetInstructionFault_
0000deb0   _coreInitRegisters_
0000df68   _coreInitStackPointer_
0000f794   _ctypes_
0000f02c   _dabort
0000e130   _disable_FIQ_interrupt_
0000e138   _disable_IRQ_interrupt_
0000e128   _disable_interrupt_
0000e140   _enable_interrupt_
0000e1d0   _errata_CORTEXR4_66_
0000e148   _esmCcmErrorsClear_
0000dfb4   _getCPSRValue_
0000dfbc   _gotoCPUIdle_
08003d00   _lock
0000f5f3   _nop
0000ee84   _pmuDisableCountersGlobal_
0000ee6c   _pmuEnableCountersGlobal_
0000ef04   _pmuGetCycleCount_
0000ef0c   _pmuGetEventCount_
0000ef1c   _pmuGetOverflow_
0000ee1c   _pmuInit_
0000eecc   _pmuResetCounters_
0000ee9c   _pmuResetCycleCounter_
0000eeb4   _pmuResetEventCounters_
0000eef4   _pmuSetCountEvent_
0000eee4   _pmuStartCounters_
0000eeec   _pmuStopCounters_
0000f608   _prefetch
0000f5eb   _register_lock
0000f5e5   _register_unlock
08003d04   _unlock
0000f4e1   abort
00009048   adc1ParityCheck
0000e924   adcNotification
00000210   afterSTC
0000f3f5   atoi
ffffffff   binit
000090f8   can1ParityCheck
000091d4   can2ParityCheck
0000e938   canErrorNotification
0000e960   canMessageNotification
0000e94c   canStatusChangeNotification
00008030   ccmSelfCheck
0000a0e0   ccmr4GetConfigValue
00008974   checkB0RAMECC
00008b64   checkB1RAMECC
00009644   checkClockMonitor
00008d54   checkFlashECC
00009720   checkFlashEEPROMECC
000098c0   checkPLL1Slip
000099dc   checkRAMAddrParity
000093fc   checkRAMECC
00009af4   checkRAMUERRTest
000087f8   checkefcSelfTest
00002479   copy_in
00008234   cpuSelfTest
00008e38   cpuSelfTestFail
0000ea3c   crcNotification
00008e30   custom_dabort
0000e974   dccNotification
0000a4d4   disableParity
0000ea14   edgeNotification
0000869c   efcCheck
0000a048   efcGetConfigValue
000087d0   efcSelfTest
00008724   efcStuckZeroTest
0000a488   enableParity
0000ea50   eqepNotification
0000a160   errata_PBIST_4
0000da2c   esmActivateNormalOperation
0000db18   esmClearStatus
0000db58   esmClearStatusBuffer
0000d9f0   esmDisableError
0000da68   esmDisableInterrupt
0000d9c4   esmEnableError
0000da3c   esmEnableInterrupt
0000dc78   esmEnterSelfTest
0000d9a8   esmError
0000dd50   esmGetConfigValue
0000dba4   esmGetStatus
0000dc18   esmGetStatusBuffer
0000e8cc   esmGroup1Notification
0000e8dc   esmGroup2Notification
0000ecec   esmHighInterrupt
0000d87c   esmInit
0000dd00   esmSelfTestStatus
0000db84   esmSetCounterPreloadValue
0000da94   esmSetInterruptLevel
0000da1c   esmTriggerErrorPinReset
0000f4e9   exit
00009c58   fmcBus1ParityCheck
00008898   fmcBus2Check
000088d4   fmcECCcheck
0000e988   gioNotification
00008ee8   het1ParityCheck
0000ea28   hetNotification
00008f8c   htu1ParityCheck
0000f399   ltoa
0000f610   main
0000c6ac   mapClocks
0000f57f   memccpy
0000f115   memcpy
00008174   memoryInit
0000e8ec   memoryPort0TestFailNotification
0000e908   memoryPort1TestFailNotification
0000f2c5   memset
000092b4   mibspi1ParityCheck
0000e9b0   mibspiGroupNotification
0000e99c   mibspiNotification
0000ea64   muxInit
00009d80   pbistFail
00009e5c   pbistGetConfigValue
000085d0   pbistIsTestCompleted
000085ec   pbistIsTestPassed
00008640   pbistPortTestStatus
000084d4   pbistRun
000082cc   pbistSelfCheck
000085a0   pbistStop
0000c658   periphInit
0000f60c   phantomInterrupt
0000eaec   pinmuxGetConfigValue
00003af0   prvMpuDisable
00003ad8   prvMpuEnable
00003ac0   prvMpuSetRegion
000032fc   pvPortMalloc
00002d7c   pvTimerGetTimerID
0000e9fc   pwmNotification
00002318   pxCurrentTCB
00002db8   pxPortInitialiseStack
00000000   resetEntry
0000e9c4   sciNotification
00008020   selftestFailNotification
0000c618   setupFlash
0000c580   setupPLL
0000e9ec   spiEndNotification
0000e9d8   spiNotification
0000f335   sprintf
0000cdfc   sramGetConfigValue
00009fa8   stcGetConfigValue
000081b8   stcSelfCheck
00008e34   stcSelfCheckFail
0000f59b   strcat
0000f5cd   strlen
0000f521   strncpy
0000c890   systemGetConfigValue
0000c790   systemInit
0000c860   systemPowerDown
0000cc50   tcmflashGetConfigValue
0000c5d0   trimLPO
0000b1f8   ucQueueGetQueueNumber
0000b230   ucQueueGetQueueType
08001548   ulCriticalNesting
000039fc   ulPortCountLeadingZeros
0800154c   ulTaskHasFPUContext
00003cd4   uxListRemove
0000b154   uxQueueMessagesWaiting
0000b18c   uxQueueMessagesWaitingFromISR
00001190   uxTaskGetNumberOfTasks
00001ef8   uxTaskGetStackHighWaterMark
00001978   uxTaskGetTaskNumber
000008fc   uxTaskPriorityGet
00003b18   vListInitialise
00003b70   vListInitialiseItem
00003c10   vListInsert
00003b8c   vListInsertEnd
000032bc   vPortEndScheduler
0000349c   vPortFree
0000350c   vPortInitialiseBlocks
00003940   vPortPreemptiveTick
00003a04   vPortSWI
00003770   vPortStartFirstTask
00002f14   vPortStoreTaskMPUSettings
0000388c   vPortYeildWithinAPI
000037e0   vPortYieldProcessor
0000b1bc   vQueueDelete
0000b210   vQueueSetQueueNumber
0000b5f8   vQueueWaitForMessageRestricted
00001ad8   vTaskAllocateMPURegions
0000085c   vTaskDelay
000006f0   vTaskDelayUntil
000005d4   vTaskDelete
00000f8c   vTaskEndScheduler
00001328   vTaskIncrementTick
000011a4   vTaskList
00001968   vTaskMissedYield
00001608   vTaskPlaceOnEventList
000016b8   vTaskPlaceOnEventListRestricted
00002128   vTaskPriorityDisinherit
00001fe0   vTaskPriorityInherit
00000940   vTaskPrioritySet
00000d1c   vTaskResume
000019b8   vTaskSetTaskNumber
00001828   vTaskSetTimeOutState
00000ee4   vTaskStartScheduler
00000b4c   vTaskSuspend
00000fa8   vTaskSuspendAll
0000152c   vTaskSwitchContext
0000d0bc   vimChannelMap
0000d2b0   vimDisableInterrupt
0000d158   vimEnableInterrupt
0000d334   vimGetConfigValue
0000cfe8   vimInit
00008e3c   vimParityCheck
0000e4a8   vimParityErrorHandler
00003500   xPortGetFreeHeapSize
00003298   xPortStartScheduler
0000a9cc   xQueueCreateCountingSemaphore
0000a7c8   xQueueCreateMutex
0000a6f0   xQueueGenericCreate
0000ad60   xQueueGenericReceive
0000a5c8   xQueueGenericReset
0000aa20   xQueueGenericSend
0000ac28   xQueueGenericSendFromISR
0000a8a8   xQueueGiveMutexRecursive
0000b51c   xQueueIsQueueEmptyFromISR
0000b5a8   xQueueIsQueueFullFromISR
0000b01c   xQueueReceiveFromISR
0000a930   xQueueTakeMutexRecursive
00001868   xTaskCheckForTimeOut
00000308   xTaskGenericCreate
00001f68   xTaskGetCurrentTaskHandle
00001f84   xTaskGetSchedulerState
0000114c   xTaskGetTickCount
0000116c   xTaskGetTickCountFromISR
00000c78   xTaskIsTaskSuspended
00001748   xTaskRemoveFromEventList
00000fbc   xTaskResumeAll
00000df8   xTaskResumeFromISR
0000255c   xTimerCreate
000024e0   xTimerCreateTimerTask
0000261c   xTimerGenericCommand
00002d30   xTimerIsTimerActive


GLOBAL SYMBOLS: SORTED BY Symbol Address 

address    name
--------   ----
00000000   __TI_static_base__
00000000   resetEntry
00000020   _c_int00
00000210   afterSTC
00000308   xTaskGenericCreate
000005d4   vTaskDelete
000006f0   vTaskDelayUntil
0000085c   vTaskDelay
000008fc   uxTaskPriorityGet
00000940   vTaskPrioritySet
00000b4c   vTaskSuspend
00000c78   xTaskIsTaskSuspended
00000d1c   vTaskResume
00000df8   xTaskResumeFromISR
00000ee4   vTaskStartScheduler
00000f8c   vTaskEndScheduler
00000fa8   vTaskSuspendAll
00000fbc   xTaskResumeAll
0000114c   xTaskGetTickCount
0000116c   xTaskGetTickCountFromISR
00001190   uxTaskGetNumberOfTasks
000011a4   vTaskList
00001328   vTaskIncrementTick
0000152c   vTaskSwitchContext
00001608   vTaskPlaceOnEventList
000016b8   vTaskPlaceOnEventListRestricted
00001748   xTaskRemoveFromEventList
00001828   vTaskSetTimeOutState
00001868   xTaskCheckForTimeOut
00001968   vTaskMissedYield
00001978   uxTaskGetTaskNumber
000019b8   vTaskSetTaskNumber
00001ad8   vTaskAllocateMPURegions
00001ef8   uxTaskGetStackHighWaterMark
00001f68   xTaskGetCurrentTaskHandle
00001f84   xTaskGetSchedulerState
00001fe0   vTaskPriorityInherit
00002128   vTaskPriorityDisinherit
00002318   pxCurrentTCB
0000237d   __TI_auto_init
00002471   __TI_decompress_rle24
00002479   copy_in
000024c1   __TI_zero_init
000024d3   __TI_decompress_none
000024e0   xTimerCreateTimerTask
0000255c   xTimerCreate
0000261c   xTimerGenericCommand
00002d30   xTimerIsTimerActive
00002d7c   pvTimerGetTimerID
00002db8   pxPortInitialiseStack
00002f14   vPortStoreTaskMPUSettings
00003298   xPortStartScheduler
000032bc   vPortEndScheduler
000032fc   pvPortMalloc
0000349c   vPortFree
00003500   xPortGetFreeHeapSize
0000350c   vPortInitialiseBlocks
00003770   vPortStartFirstTask
000037e0   vPortYieldProcessor
0000388c   vPortYeildWithinAPI
00003940   vPortPreemptiveTick
000039fc   ulPortCountLeadingZeros
00003a04   vPortSWI
00003ac0   prvMpuSetRegion
00003ad8   prvMpuEnable
00003af0   prvMpuDisable
00003b18   vListInitialise
00003b70   vListInitialiseItem
00003b8c   vListInsertEnd
00003c10   vListInsert
00003cd4   uxListRemove
00003d94   __TI_Handler_Table_Base
00003da0   __TI_Handler_Table_Limit
00003da8   __TI_CINIT_Base
00003dc0   __TI_CINIT_Limit
00008020   selftestFailNotification
00008030   ccmSelfCheck
00008174   memoryInit
000081b8   stcSelfCheck
00008234   cpuSelfTest
000082cc   pbistSelfCheck
000084d4   pbistRun
000085a0   pbistStop
000085d0   pbistIsTestCompleted
000085ec   pbistIsTestPassed
00008640   pbistPortTestStatus
0000869c   efcCheck
00008724   efcStuckZeroTest
000087d0   efcSelfTest
000087f8   checkefcSelfTest
00008898   fmcBus2Check
000088d4   fmcECCcheck
00008974   checkB0RAMECC
00008b64   checkB1RAMECC
00008d54   checkFlashECC
00008e30   custom_dabort
00008e34   stcSelfCheckFail
00008e38   cpuSelfTestFail
00008e3c   vimParityCheck
00008ee8   het1ParityCheck
00008f8c   htu1ParityCheck
00009048   adc1ParityCheck
000090f8   can1ParityCheck
000091d4   can2ParityCheck
000092b4   mibspi1ParityCheck
000093fc   checkRAMECC
00009644   checkClockMonitor
00009720   checkFlashEEPROMECC
000098c0   checkPLL1Slip
000099dc   checkRAMAddrParity
00009af4   checkRAMUERRTest
00009c58   fmcBus1ParityCheck
00009d80   pbistFail
00009e5c   pbistGetConfigValue
00009fa8   stcGetConfigValue
0000a048   efcGetConfigValue
0000a0e0   ccmr4GetConfigValue
0000a160   errata_PBIST_4
0000a488   enableParity
0000a4d4   disableParity
0000a5c8   xQueueGenericReset
0000a6f0   xQueueGenericCreate
0000a7c8   xQueueCreateMutex
0000a8a8   xQueueGiveMutexRecursive
0000a930   xQueueTakeMutexRecursive
0000a9cc   xQueueCreateCountingSemaphore
0000aa20   xQueueGenericSend
0000ac28   xQueueGenericSendFromISR
0000ad60   xQueueGenericReceive
0000b01c   xQueueReceiveFromISR
0000b154   uxQueueMessagesWaiting
0000b18c   uxQueueMessagesWaitingFromISR
0000b1bc   vQueueDelete
0000b1f8   ucQueueGetQueueNumber
0000b210   vQueueSetQueueNumber
0000b230   ucQueueGetQueueType
0000b51c   xQueueIsQueueEmptyFromISR
0000b5a8   xQueueIsQueueFullFromISR
0000b5f8   vQueueWaitForMessageRestricted
0000c273   __TI_printfi
0000c580   setupPLL
0000c5d0   trimLPO
0000c618   setupFlash
0000c658   periphInit
0000c6ac   mapClocks
0000c790   systemInit
0000c860   systemPowerDown
0000c890   systemGetConfigValue
0000cc50   tcmflashGetConfigValue
0000cdfc   sramGetConfigValue
0000cfe8   vimInit
0000d0bc   vimChannelMap
0000d158   vimEnableInterrupt
0000d2b0   vimDisableInterrupt
0000d334   vimGetConfigValue
0000d87c   esmInit
0000d9a8   esmError
0000d9c4   esmEnableError
0000d9f0   esmDisableError
0000da1c   esmTriggerErrorPinReset
0000da2c   esmActivateNormalOperation
0000da3c   esmEnableInterrupt
0000da68   esmDisableInterrupt
0000da94   esmSetInterruptLevel
0000db18   esmClearStatus
0000db58   esmClearStatusBuffer
0000db84   esmSetCounterPreloadValue
0000dba4   esmGetStatus
0000dc18   esmGetStatusBuffer
0000dc78   esmEnterSelfTest
0000dd00   esmSelfTestStatus
0000dd50   esmGetConfigValue
0000deb0   _coreInitRegisters_
0000df68   _coreInitStackPointer_
0000dfb4   _getCPSRValue_
0000dfbc   _gotoCPUIdle_
0000dfd4   _coreEnableEventBusExport_
0000dfec   _coreDisableEventBusExport_
0000e004   _coreEnableRamEcc_
0000e01c   _coreDisableRamEcc_
0000e034   _coreEnableFlashEcc_
0000e050   _coreDisableFlashEcc_
0000e068   _coreEnableIrqVicOffset_
0000e080   _coreGetDataFault_
0000e088   _coreClearDataFault_
0000e09c   _coreGetInstructionFault_
0000e0a4   _coreClearInstructionFault_
0000e0b8   _coreGetDataFaultAddress_
0000e0c0   _coreClearDataFaultAddress_
0000e0d4   _coreGetInstructionFaultAddress_
0000e0dc   _coreClearInstructionFaultAddress_
0000e0f0   _coreGetAuxiliaryDataFault_
0000e0f8   _coreClearAuxiliaryDataFault_
0000e10c   _coreGetAuxiliaryInstructionFault_
0000e114   _coreClearAuxiliaryInstructionFault_
0000e128   _disable_interrupt_
0000e130   _disable_FIQ_interrupt_
0000e138   _disable_IRQ_interrupt_
0000e140   _enable_interrupt_
0000e148   _esmCcmErrorsClear_
0000e1d0   _errata_CORTEXR4_66_
0000e1e8   __TI_PINIT_Base
0000e1ec   __TI_PINIT_Limit
0000e1f0   __aeabi_uldivmod
0000e4a8   vimParityErrorHandler
0000e715   __aeabi_dsub
0000e71f   __aeabi_dadd
0000e8cc   esmGroup1Notification
0000e8dc   esmGroup2Notification
0000e8ec   memoryPort0TestFailNotification
0000e908   memoryPort1TestFailNotification
0000e924   adcNotification
0000e938   canErrorNotification
0000e94c   canStatusChangeNotification
0000e960   canMessageNotification
0000e974   dccNotification
0000e988   gioNotification
0000e99c   mibspiNotification
0000e9b0   mibspiGroupNotification
0000e9c4   sciNotification
0000e9d8   spiNotification
0000e9ec   spiEndNotification
0000e9fc   pwmNotification
0000ea14   edgeNotification
0000ea28   hetNotification
0000ea3c   crcNotification
0000ea50   eqepNotification
0000ea64   muxInit
0000eaec   pinmuxGetConfigValue
0000ebb5   __aeabi_ddiv
0000ecec   esmHighInterrupt
0000ee1c   _pmuInit_
0000ee6c   _pmuEnableCountersGlobal_
0000ee84   _pmuDisableCountersGlobal_
0000ee9c   _pmuResetCycleCounter_
0000eeb4   _pmuResetEventCounters_
0000eecc   _pmuResetCounters_
0000eee4   _pmuStartCounters_
0000eeec   _pmuStopCounters_
0000eef4   _pmuSetCountEvent_
0000ef04   _pmuGetCycleCount_
0000ef0c   _pmuGetEventCount_
0000ef1c   _pmuGetOverflow_
0000ef31   __aeabi_dmul
0000f02c   _dabort
0000f115   __aeabi_memcpy
0000f115   __aeabi_memcpy4
0000f115   __aeabi_memcpy8
0000f115   memcpy
0000f1b1   __aeabi_cdcmpeq
0000f1b1   __aeabi_cdcmple
0000f237   __aeabi_cdrcmple
0000f2bd   __aeabi_memclr
0000f2bd   __aeabi_memclr4
0000f2bd   __aeabi_memclr8
0000f2bf   __aeabi_memset
0000f2bf   __aeabi_memset4
0000f2bf   __aeabi_memset8
0000f2c5   memset
0000f335   sprintf
0000f399   ltoa
0000f3f5   atoi
0000f445   _Dtest
0000f493   __aeabi_d2iz
0000f4dd   C$$EXIT
0000f4e1   abort
0000f4e9   exit
0000f521   strncpy
0000f551   __aeabi_i2d
0000f57f   memccpy
0000f59b   strcat
0000f5b5   __aeabi_lmul
0000f5cd   strlen
0000f5e5   _register_unlock
0000f5eb   _register_lock
0000f5f3   _nop
0000f5f9   _Dclass
0000f608   _prefetch
0000f60c   phantomInterrupt
0000f610   main
0000f794   _ctypes_
08001548   ulCriticalNesting
0800154c   ulTaskHasFPUContext
08003d00   _lock
08003d04   _unlock
08003d08   __TI_cleanup_ptr
08003d0c   __TI_dtors_ptr
ffffffff   __binit__
ffffffff   __c_args__
ffffffff   binit
UNDEFED    SHT$$INIT_ARRAY$$Base
UNDEFED    SHT$$INIT_ARRAY$$Limit

[292 symbols]
