<?xml version="1.0"?>
<link_info>
   <banner>TI ARM Linker PC v5.1.7</banner>
   <copyright>Copyright (c) 1996-2014 Texas Instruments Incorporated</copyright>
   <link_time>0x53d32a3a</link_time>
   <link_errors>0x0</link_errors>
   <output_file>HalCoGenTest.out</output_file>
   <entry_point>
      <name>_c_int00</name>
      <address>0x20</address>
   </entry_point>
   <input_file_list>
      <input_file id="fl-2">
         <path>.\source\</path>
         <kind>object</kind>
         <file>ti_fee_writeSync.obj</file>
         <name>ti_fee_writeSync.obj</name>
      </input_file>
      <input_file id="fl-3">
         <path>.\source\</path>
         <kind>object</kind>
         <file>ti_fee_writeAsync.obj</file>
         <name>ti_fee_writeAsync.obj</name>
      </input_file>
      <input_file id="fl-4">
         <path>.\source\</path>
         <kind>object</kind>
         <file>ti_fee_util.obj</file>
         <name>ti_fee_util.obj</name>
      </input_file>
      <input_file id="fl-5">
         <path>.\source\</path>
         <kind>object</kind>
         <file>ti_fee_shutdown.obj</file>
         <name>ti_fee_shutdown.obj</name>
      </input_file>
      <input_file id="fl-6">
         <path>.\source\</path>
         <kind>object</kind>
         <file>ti_fee_readSync.obj</file>
         <name>ti_fee_readSync.obj</name>
      </input_file>
      <input_file id="fl-7">
         <path>.\source\</path>
         <kind>object</kind>
         <file>ti_fee_read.obj</file>
         <name>ti_fee_read.obj</name>
      </input_file>
      <input_file id="fl-8">
         <path>.\source\</path>
         <kind>object</kind>
         <file>ti_fee_main.obj</file>
         <name>ti_fee_main.obj</name>
      </input_file>
      <input_file id="fl-9">
         <path>.\source\</path>
         <kind>object</kind>
         <file>ti_fee_invalidateblock.obj</file>
         <name>ti_fee_invalidateblock.obj</name>
      </input_file>
      <input_file id="fl-a">
         <path>.\source\</path>
         <kind>object</kind>
         <file>ti_fee_ini.obj</file>
         <name>ti_fee_ini.obj</name>
      </input_file>
      <input_file id="fl-b">
         <path>.\source\</path>
         <kind>object</kind>
         <file>ti_fee_format.obj</file>
         <name>ti_fee_format.obj</name>
      </input_file>
      <input_file id="fl-c">
         <path>.\source\</path>
         <kind>object</kind>
         <file>ti_fee_eraseimmediateblock.obj</file>
         <name>ti_fee_eraseimmediateblock.obj</name>
      </input_file>
      <input_file id="fl-d">
         <path>.\source\</path>
         <kind>object</kind>
         <file>ti_fee_cancel.obj</file>
         <name>ti_fee_cancel.obj</name>
      </input_file>
      <input_file id="fl-e">
         <path>.\source\</path>
         <kind>object</kind>
         <file>ti_fee_Info.obj</file>
         <name>ti_fee_Info.obj</name>
      </input_file>
      <input_file id="fl-f">
         <path>.\source\</path>
         <kind>object</kind>
         <file>ti_fee_Cfg.obj</file>
         <name>ti_fee_Cfg.obj</name>
      </input_file>
      <input_file id="fl-10">
         <path>.\source\</path>
         <kind>object</kind>
         <file>system.obj</file>
         <name>system.obj</name>
      </input_file>
      <input_file id="fl-11">
         <path>.\source\</path>
         <kind>object</kind>
         <file>sys_vim.obj</file>
         <name>sys_vim.obj</name>
      </input_file>
      <input_file id="fl-12">
         <path>.\source\</path>
         <kind>object</kind>
         <file>sys_startup.obj</file>
         <name>sys_startup.obj</name>
      </input_file>
      <input_file id="fl-13">
         <path>.\source\</path>
         <kind>object</kind>
         <file>sys_selftest.obj</file>
         <name>sys_selftest.obj</name>
      </input_file>
      <input_file id="fl-14">
         <path>.\source\</path>
         <kind>object</kind>
         <file>sys_pmu.obj</file>
         <name>sys_pmu.obj</name>
      </input_file>
      <input_file id="fl-15">
         <path>.\source\</path>
         <kind>object</kind>
         <file>sys_phantom.obj</file>
         <name>sys_phantom.obj</name>
      </input_file>
      <input_file id="fl-16">
         <path>.\source\</path>
         <kind>object</kind>
         <file>sys_pcr.obj</file>
         <name>sys_pcr.obj</name>
      </input_file>
      <input_file id="fl-17">
         <path>.\source\</path>
         <kind>object</kind>
         <file>sys_mpu.obj</file>
         <name>sys_mpu.obj</name>
      </input_file>
      <input_file id="fl-18">
         <path>.\source\</path>
         <kind>object</kind>
         <file>sys_main.obj</file>
         <name>sys_main.obj</name>
      </input_file>
      <input_file id="fl-19">
         <path>.\source\</path>
         <kind>object</kind>
         <file>sys_intvecs.obj</file>
         <name>sys_intvecs.obj</name>
      </input_file>
      <input_file id="fl-1a">
         <path>.\source\</path>
         <kind>object</kind>
         <file>sys_core.obj</file>
         <name>sys_core.obj</name>
      </input_file>
      <input_file id="fl-1b">
         <path>.\source\</path>
         <kind>object</kind>
         <file>spi.obj</file>
         <name>spi.obj</name>
      </input_file>
      <input_file id="fl-1c">
         <path>.\source\</path>
         <kind>object</kind>
         <file>sci.obj</file>
         <name>sci.obj</name>
      </input_file>
      <input_file id="fl-1d">
         <path>.\source\</path>
         <kind>object</kind>
         <file>pinmux.obj</file>
         <name>pinmux.obj</name>
      </input_file>
      <input_file id="fl-1e">
         <path>.\source\</path>
         <kind>object</kind>
         <file>pfabort.obj</file>
         <name>pfabort.obj</name>
      </input_file>
      <input_file id="fl-1f">
         <path>.\source\</path>
         <kind>object</kind>
         <file>os_timer.obj</file>
         <name>os_timer.obj</name>
      </input_file>
      <input_file id="fl-20">
         <path>.\source\</path>
         <kind>object</kind>
         <file>os_tasks.obj</file>
         <name>os_tasks.obj</name>
      </input_file>
      <input_file id="fl-21">
         <path>.\source\</path>
         <kind>object</kind>
         <file>os_queue.obj</file>
         <name>os_queue.obj</name>
      </input_file>
      <input_file id="fl-22">
         <path>.\source\</path>
         <kind>object</kind>
         <file>os_portasm.obj</file>
         <name>os_portasm.obj</name>
      </input_file>
      <input_file id="fl-23">
         <path>.\source\</path>
         <kind>object</kind>
         <file>os_port.obj</file>
         <name>os_port.obj</name>
      </input_file>
      <input_file id="fl-24">
         <path>.\source\</path>
         <kind>object</kind>
         <file>os_mpu_wrappers.obj</file>
         <name>os_mpu_wrappers.obj</name>
      </input_file>
      <input_file id="fl-25">
         <path>.\source\</path>
         <kind>object</kind>
         <file>os_list.obj</file>
         <name>os_list.obj</name>
      </input_file>
      <input_file id="fl-26">
         <path>.\source\</path>
         <kind>object</kind>
         <file>os_heap.obj</file>
         <name>os_heap.obj</name>
      </input_file>
      <input_file id="fl-27">
         <path>.\source\</path>
         <kind>object</kind>
         <file>os_croutine.obj</file>
         <name>os_croutine.obj</name>
      </input_file>
      <input_file id="fl-28">
         <path>.\source\</path>
         <kind>object</kind>
         <file>notification.obj</file>
         <name>notification.obj</name>
      </input_file>
      <input_file id="fl-29">
         <path>.\source\</path>
         <kind>object</kind>
         <file>mibspi.obj</file>
         <name>mibspi.obj</name>
      </input_file>
      <input_file id="fl-2a">
         <path>.\source\</path>
         <kind>object</kind>
         <file>het.obj</file>
         <name>het.obj</name>
      </input_file>
      <input_file id="fl-2b">
         <path>.\source\</path>
         <kind>object</kind>
         <file>gio.obj</file>
         <name>gio.obj</name>
      </input_file>
      <input_file id="fl-2c">
         <path>.\source\</path>
         <kind>object</kind>
         <file>esm.obj</file>
         <name>esm.obj</name>
      </input_file>
      <input_file id="fl-2d">
         <path>.\source\</path>
         <kind>object</kind>
         <file>eqep.obj</file>
         <name>eqep.obj</name>
      </input_file>
      <input_file id="fl-2e">
         <path>.\source\</path>
         <kind>object</kind>
         <file>dcc.obj</file>
         <name>dcc.obj</name>
      </input_file>
      <input_file id="fl-2f">
         <path>.\source\</path>
         <kind>object</kind>
         <file>dabort.obj</file>
         <name>dabort.obj</name>
      </input_file>
      <input_file id="fl-30">
         <path>.\source\</path>
         <kind>object</kind>
         <file>crc.obj</file>
         <name>crc.obj</name>
      </input_file>
      <input_file id="fl-31">
         <path>.\source\</path>
         <kind>object</kind>
         <file>can.obj</file>
         <name>can.obj</name>
      </input_file>
      <input_file id="fl-32">
         <path>.\source\</path>
         <kind>object</kind>
         <file>adc.obj</file>
         <name>adc.obj</name>
      </input_file>
      <input_file id="fl-33">
         <path>.\source\</path>
         <kind>object</kind>
         <file>Fapi_UserDefinedFunctions.obj</file>
         <name>Fapi_UserDefinedFunctions.obj</name>
      </input_file>
      <input_file id="fl-34">
         <path>.\source\</path>
         <kind>object</kind>
         <file>Device_TMS570LS04.obj</file>
         <name>Device_TMS570LS04.obj</name>
      </input_file>
      <input_file id="fl-3a">
         <path>D:\ti\ccsv6\tools\compiler\arm_5.1.7\lib\</path>
         <kind>archive</kind>
         <file>rtsv7R4_T_be_eabi.lib</file>
         <name>auto_init.obj</name>
      </input_file>
      <input_file id="fl-3b">
         <path>D:\ti\ccsv6\tools\compiler\arm_5.1.7\lib\</path>
         <kind>archive</kind>
         <file>rtsv7R4_T_be_eabi.lib</file>
         <name>copy_decompress_none.obj</name>
      </input_file>
      <input_file id="fl-3c">
         <path>D:\ti\ccsv6\tools\compiler\arm_5.1.7\lib\</path>
         <kind>archive</kind>
         <file>rtsv7R4_T_be_eabi.lib</file>
         <name>copy_decompress_rle.obj</name>
      </input_file>
      <input_file id="fl-3d">
         <path>D:\ti\ccsv6\tools\compiler\arm_5.1.7\lib\</path>
         <kind>archive</kind>
         <file>rtsv7R4_T_be_eabi.lib</file>
         <name>copy_zero_init.obj</name>
      </input_file>
      <input_file id="fl-3e">
         <path>D:\ti\ccsv6\tools\compiler\arm_5.1.7\lib\</path>
         <kind>archive</kind>
         <file>rtsv7R4_T_be_eabi.lib</file>
         <name>cpy_tbl.obj</name>
      </input_file>
      <input_file id="fl-3f">
         <path>D:\ti\ccsv6\tools\compiler\arm_5.1.7\lib\</path>
         <kind>archive</kind>
         <file>rtsv7R4_T_be_eabi.lib</file>
         <name>exit.obj</name>
      </input_file>
      <input_file id="fl-40">
         <path>D:\ti\ccsv6\tools\compiler\arm_5.1.7\lib\</path>
         <kind>archive</kind>
         <file>rtsv7R4_T_be_eabi.lib</file>
         <name>fd_div_t2.obj</name>
      </input_file>
      <input_file id="fl-41">
         <path>D:\ti\ccsv6\tools\compiler\arm_5.1.7\lib\</path>
         <kind>archive</kind>
         <file>rtsv7R4_T_be_eabi.lib</file>
         <name>fd_mul_t2.obj</name>
      </input_file>
      <input_file id="fl-42">
         <path>D:\ti\ccsv6\tools\compiler\arm_5.1.7\lib\</path>
         <kind>archive</kind>
         <file>rtsv7R4_T_be_eabi.lib</file>
         <name>fd_tos_t2.obj</name>
      </input_file>
      <input_file id="fl-43">
         <path>D:\ti\ccsv6\tools\compiler\arm_5.1.7\lib\</path>
         <kind>archive</kind>
         <file>rtsv7R4_T_be_eabi.lib</file>
         <name>fd_tou_t2.obj</name>
      </input_file>
      <input_file id="fl-44">
         <path>D:\ti\ccsv6\tools\compiler\arm_5.1.7\lib\</path>
         <kind>archive</kind>
         <file>rtsv7R4_T_be_eabi.lib</file>
         <name>fs_div_t2.obj</name>
      </input_file>
      <input_file id="fl-45">
         <path>D:\ti\ccsv6\tools\compiler\arm_5.1.7\lib\</path>
         <kind>archive</kind>
         <file>rtsv7R4_T_be_eabi.lib</file>
         <name>fs_mul_t2.obj</name>
      </input_file>
      <input_file id="fl-46">
         <path>D:\ti\ccsv6\tools\compiler\arm_5.1.7\lib\</path>
         <kind>archive</kind>
         <file>rtsv7R4_T_be_eabi.lib</file>
         <name>fs_tou_t2.obj</name>
      </input_file>
      <input_file id="fl-47">
         <path>D:\ti\ccsv6\tools\compiler\arm_5.1.7\lib\</path>
         <kind>archive</kind>
         <file>rtsv7R4_T_be_eabi.lib</file>
         <name>memcpy_t2.obj</name>
      </input_file>
      <input_file id="fl-48">
         <path>D:\ti\ccsv6\tools\compiler\arm_5.1.7\lib\</path>
         <kind>archive</kind>
         <file>rtsv7R4_T_be_eabi.lib</file>
         <name>memset_t2.obj</name>
      </input_file>
      <input_file id="fl-49">
         <path>D:\ti\ccsv6\tools\compiler\arm_5.1.7\lib\</path>
         <kind>archive</kind>
         <file>rtsv7R4_T_be_eabi.lib</file>
         <name>sprintf.obj</name>
      </input_file>
      <input_file id="fl-4a">
         <path>D:\ti\ccsv6\tools\compiler\arm_5.1.7\lib\</path>
         <kind>archive</kind>
         <file>rtsv7R4_T_be_eabi.lib</file>
         <name>strcat.obj</name>
      </input_file>
      <input_file id="fl-4b">
         <path>D:\ti\ccsv6\tools\compiler\arm_5.1.7\lib\</path>
         <kind>archive</kind>
         <file>rtsv7R4_T_be_eabi.lib</file>
         <name>strncpy.obj</name>
      </input_file>
      <input_file id="fl-4c">
         <path>D:\ti\ccsv6\tools\compiler\arm_5.1.7\lib\</path>
         <kind>archive</kind>
         <file>rtsv7R4_T_be_eabi.lib</file>
         <name>u_div32.obj</name>
      </input_file>
      <input_file id="fl-4d">
         <path>D:\ti\ccsv6\tools\compiler\arm_5.1.7\lib\</path>
         <kind>archive</kind>
         <file>rtsv7R4_T_be_eabi.lib</file>
         <name>u_tofd_t2.obj</name>
      </input_file>
      <input_file id="fl-4e">
         <path>D:\ti\ccsv6\tools\compiler\arm_5.1.7\lib\</path>
         <kind>archive</kind>
         <file>rtsv7R4_T_be_eabi.lib</file>
         <name>_lock.obj</name>
      </input_file>
      <input_file id="fl-4f">
         <path>D:\ti\ccsv6\tools\compiler\arm_5.1.7\lib\</path>
         <kind>archive</kind>
         <file>rtsv7R4_T_be_eabi.lib</file>
         <name>_printfi.obj</name>
      </input_file>
      <input_file id="fl-50">
         <path>D:\ti\ccsv6\tools\compiler\arm_5.1.7\lib\</path>
         <kind>archive</kind>
         <file>rtsv7R4_T_be_eabi.lib</file>
         <name>atoi.obj</name>
      </input_file>
      <input_file id="fl-51">
         <path>D:\ti\ccsv6\tools\compiler\arm_5.1.7\lib\</path>
         <kind>archive</kind>
         <file>rtsv7R4_T_be_eabi.lib</file>
         <name>ctype.obj</name>
      </input_file>
      <input_file id="fl-52">
         <path>D:\ti\ccsv6\tools\compiler\arm_5.1.7\lib\</path>
         <kind>archive</kind>
         <file>rtsv7R4_T_be_eabi.lib</file>
         <name>fd_add_t2.obj</name>
      </input_file>
      <input_file id="fl-53">
         <path>D:\ti\ccsv6\tools\compiler\arm_5.1.7\lib\</path>
         <kind>archive</kind>
         <file>rtsv7R4_T_be_eabi.lib</file>
         <name>fd_cmp_t2.obj</name>
      </input_file>
      <input_file id="fl-54">
         <path>D:\ti\ccsv6\tools\compiler\arm_5.1.7\lib\</path>
         <kind>archive</kind>
         <file>rtsv7R4_T_be_eabi.lib</file>
         <name>fd_toi_t2.obj</name>
      </input_file>
      <input_file id="fl-55">
         <path>D:\ti\ccsv6\tools\compiler\arm_5.1.7\lib\</path>
         <kind>archive</kind>
         <file>rtsv7R4_T_be_eabi.lib</file>
         <name>fs_toi_t2.obj</name>
      </input_file>
      <input_file id="fl-56">
         <path>D:\ti\ccsv6\tools\compiler\arm_5.1.7\lib\</path>
         <kind>archive</kind>
         <file>rtsv7R4_T_be_eabi.lib</file>
         <name>i_tofd_t2.obj</name>
      </input_file>
      <input_file id="fl-57">
         <path>D:\ti\ccsv6\tools\compiler\arm_5.1.7\lib\</path>
         <kind>archive</kind>
         <file>rtsv7R4_T_be_eabi.lib</file>
         <name>ll_mul_t2.obj</name>
      </input_file>
      <input_file id="fl-58">
         <path>D:\ti\ccsv6\tools\compiler\arm_5.1.7\lib\</path>
         <kind>archive</kind>
         <file>rtsv7R4_T_be_eabi.lib</file>
         <name>ltoa.obj</name>
      </input_file>
      <input_file id="fl-59">
         <path>D:\ti\ccsv6\tools\compiler\arm_5.1.7\lib\</path>
         <kind>archive</kind>
         <file>rtsv7R4_T_be_eabi.lib</file>
         <name>memccpy.obj</name>
      </input_file>
      <input_file id="fl-5a">
         <path>D:\ti\ccsv6\tools\compiler\arm_5.1.7\lib\</path>
         <kind>archive</kind>
         <file>rtsv7R4_T_be_eabi.lib</file>
         <name>strlen.obj</name>
      </input_file>
      <input_file id="fl-5b">
         <path>D:\ti\ccsv6\tools\compiler\arm_5.1.7\lib\</path>
         <kind>archive</kind>
         <file>rtsv7R4_T_be_eabi.lib</file>
         <name>ull_div32.obj</name>
      </input_file>
      <input_file id="fl-5c">
         <path>D:\ti\ccsv6\tools\compiler\arm_5.1.7\lib\</path>
         <kind>archive</kind>
         <file>rtsv7R4_T_be_eabi.lib</file>
         <name>xdclass.obj</name>
      </input_file>
      <input_file id="fl-5d">
         <path>D:\ti\ccsv6\tools\compiler\arm_5.1.7\lib\</path>
         <kind>archive</kind>
         <file>rtsv7R4_T_be_eabi.lib</file>
         <name>xdtest.obj</name>
      </input_file>
      <input_file id="fl-5e">
         <path>..\include\F021\</path>
         <kind>archive</kind>
         <file>F021_API_CortexR4_BE.lib</file>
         <name>Async.WithAddress.obj</name>
      </input_file>
      <input_file id="fl-5f">
         <path>..\include\F021\</path>
         <kind>archive</kind>
         <file>F021_API_CortexR4_BE.lib</file>
         <name>BlankCheck.obj</name>
      </input_file>
      <input_file id="fl-60">
         <path>..\include\F021\</path>
         <kind>archive</kind>
         <file>F021_API_CortexR4_BE.lib</file>
         <name>FlashStateMachine.EnableEepromSectors.obj</name>
      </input_file>
      <input_file id="fl-61">
         <path>..\include\F021\</path>
         <kind>archive</kind>
         <file>F021_API_CortexR4_BE.lib</file>
         <name>FlashStateMachine.InitializeFlashBanks.obj</name>
      </input_file>
      <input_file id="fl-62">
         <path>..\include\F021\</path>
         <kind>archive</kind>
         <file>F021_API_CortexR4_BE.lib</file>
         <name>FlashStateMachine.IssueFsmCommand.obj</name>
      </input_file>
      <input_file id="fl-63">
         <path>..\include\F021\</path>
         <kind>archive</kind>
         <file>F021_API_CortexR4_BE.lib</file>
         <name>FlashStateMachine.ScaleFclk.obj</name>
      </input_file>
      <input_file id="fl-64">
         <path>..\include\F021\</path>
         <kind>archive</kind>
         <file>F021_API_CortexR4_BE.lib</file>
         <name>FlashStateMachine.SetActiveBank.obj</name>
      </input_file>
      <input_file id="fl-65">
         <path>..\include\F021\</path>
         <kind>archive</kind>
         <file>F021_API_CortexR4_BE.lib</file>
         <name>Read.FlushPipeline.obj</name>
      </input_file>
      <input_file id="fl-66">
         <path>..\include\F021\</path>
         <kind>archive</kind>
         <file>F021_API_CortexR4_BE.lib</file>
         <name>Read.LoopDword.obj</name>
      </input_file>
      <input_file id="fl-67">
         <path>..\include\F021\</path>
         <kind>archive</kind>
         <file>F021_API_CortexR4_BE.lib</file>
         <name>Read.WdService.obj</name>
      </input_file>
      <input_file id="fl-68">
         <path>..\include\F021\</path>
         <kind>archive</kind>
         <file>F021_API_CortexR4_BE.lib</file>
         <name>Utilities.CalculateFletcher.obj</name>
      </input_file>
      <input_file id="fl-69">
         <path>..\include\F021\</path>
         <kind>archive</kind>
         <file>F021_API_CortexR4_BE.lib</file>
         <name>Utilities.WaitDelay.obj</name>
      </input_file>
      <input_file id="fl-6a">
         <path>..\include\F021\</path>
         <kind>archive</kind>
         <file>F021_API_CortexR4_BE.lib</file>
         <name>Read.Common.obj</name>
      </input_file>
      <input_file id="fl-6b">
         <path>..\include\F021\</path>
         <kind>archive</kind>
         <file>F021_API_CortexR4_BE.lib</file>
         <name>FlashStateMachine.Hercules.IsEccAddress.obj</name>
      </input_file>
   </input_file_list>
   <object_component_list>
      <object_component id="oc-45">
         <name>.intvecs</name>
         <load_address>0x0</load_address>
         <run_address>0x0</run_address>
         <size>0x20</size>
         <input_file_ref idref="fl-19"/>
      </object_component>
      <object_component id="oc-18">
         <name>.text:retain</name>
         <load_address>0x20</load_address>
         <run_address>0x20</run_address>
         <size>0x1f0</size>
         <input_file_ref idref="fl-12"/>
      </object_component>
      <object_component id="oc-5b">
         <name>.text</name>
         <load_address>0x210</load_address>
         <run_address>0x210</run_address>
         <size>0xf8</size>
         <input_file_ref idref="fl-12"/>
      </object_component>
      <object_component id="oc-124">
         <name>.kernelTEXT</name>
         <load_address>0x308</load_address>
         <run_address>0x308</run_address>
         <size>0x1f40</size>
         <input_file_ref idref="fl-20"/>
      </object_component>
      <object_component id="oc-1c1">
         <name>.kernelBSS:uninit</name>
         <load_address>0x2248</load_address>
         <run_address>0x2248</run_address>
         <size>0xd0</size>
         <input_file_ref idref="fl-20"/>
      </object_component>
      <object_component id="oc-12a">
         <name>.kernelBSS:init</name>
         <load_address>0x2318</load_address>
         <run_address>0x2318</run_address>
         <size>0x34</size>
         <input_file_ref idref="fl-20"/>
      </object_component>
      <object_component id="oc-1db">
         <name>.bss:pcStatusString$1</name>
         <load_address>0x234c</load_address>
         <run_address>0x234c</run_address>
         <size>0x30</size>
         <input_file_ref idref="fl-20"/>
      </object_component>
      <object_component id="oc-c2">
         <name>.text</name>
         <load_address>0x237c</load_address>
         <run_address>0x237c</run_address>
         <size>0x94</size>
         <input_file_ref idref="fl-3a"/>
      </object_component>
      <object_component id="oc-7b">
         <name>.text</name>
         <load_address>0x2410</load_address>
         <run_address>0x2410</run_address>
         <size>0x60</size>
         <input_file_ref idref="fl-3c"/>
      </object_component>
      <object_component id="oc-2a">
         <name>.text:decompress:rle24</name>
         <load_address>0x2470</load_address>
         <run_address>0x2470</run_address>
         <size>0x6</size>
         <input_file_ref idref="fl-3c"/>
      </object_component>
      <object_component id="oc-16a">
         <name>.text</name>
         <load_address>0x2478</load_address>
         <run_address>0x2478</run_address>
         <size>0x48</size>
         <input_file_ref idref="fl-3e"/>
      </object_component>
      <object_component id="oc-24">
         <name>.text:decompress:ZI</name>
         <load_address>0x24c0</load_address>
         <run_address>0x24c0</run_address>
         <size>0x12</size>
         <input_file_ref idref="fl-3d"/>
      </object_component>
      <object_component id="oc-1e">
         <name>.text:decompress:none</name>
         <load_address>0x24d2</load_address>
         <run_address>0x24d2</run_address>
         <size>0xe</size>
         <input_file_ref idref="fl-3b"/>
      </object_component>
      <object_component id="oc-1b5">
         <name>.kernelTEXT</name>
         <load_address>0x24e0</load_address>
         <run_address>0x24e0</run_address>
         <size>0x8d8</size>
         <input_file_ref idref="fl-1f"/>
      </object_component>
      <object_component id="oc-1a9">
         <name>.kernelTEXT</name>
         <load_address>0x2db8</load_address>
         <run_address>0x2db8</run_address>
         <size>0x544</size>
         <input_file_ref idref="fl-23"/>
      </object_component>
      <object_component id="oc-1ca">
         <name>.kernelTEXT</name>
         <load_address>0x32fc</load_address>
         <run_address>0x32fc</run_address>
         <size>0x470</size>
         <input_file_ref idref="fl-26"/>
      </object_component>
      <object_component id="oc-a0">
         <name>.kernelTEXT</name>
         <load_address>0x376c</load_address>
         <run_address>0x376c</run_address>
         <size>0x3ac</size>
         <input_file_ref idref="fl-22"/>
      </object_component>
      <object_component id="oc-1af">
         <name>.kernelTEXT</name>
         <load_address>0x3b18</load_address>
         <run_address>0x3b18</run_address>
         <size>0x248</size>
         <input_file_ref idref="fl-25"/>
      </object_component>
      <object_component id="oc-360">
         <name>.cinit..kernelBSS.load</name>
         <load_address>0x3d60</load_address>
         <run_address>0x3d60</run_address>
         <size>0x1a</size>
      </object_component>
      <object_component id="oc-362">
         <name>.cinit..data.load</name>
         <load_address>0x3d80</load_address>
         <run_address>0x3d80</run_address>
         <size>0x11</size>
      </object_component>
      <object_component id="oc-35e">
         <name>__TI_handler_table</name>
         <load_address>0x3d94</load_address>
         <run_address>0x3d94</run_address>
         <size>0xc</size>
      </object_component>
      <object_component id="oc-361">
         <name>.cinit..kernelHEAP.load</name>
         <load_address>0x3da0</load_address>
         <run_address>0x3da0</run_address>
         <size>0x8</size>
      </object_component>
      <object_component id="oc-35f">
         <name>__TI_cinit_table</name>
         <load_address>0x3da8</load_address>
         <run_address>0x3da8</run_address>
         <size>0x18</size>
      </object_component>
      <object_component id="oc-55">
         <name>.text</name>
         <load_address>0x8020</load_address>
         <run_address>0x8020</run_address>
         <size>0x25a8</size>
         <input_file_ref idref="fl-13"/>
      </object_component>
      <object_component id="oc-211">
         <name>.text</name>
         <load_address>0xa5c8</load_address>
         <run_address>0xa5c8</run_address>
         <size>0x10b0</size>
         <input_file_ref idref="fl-21"/>
      </object_component>
      <object_component id="oc-245">
         <name>.text</name>
         <load_address>0xb678</load_address>
         <run_address>0xb678</run_address>
         <size>0xf08</size>
         <input_file_ref idref="fl-4f"/>
      </object_component>
      <object_component id="oc-61">
         <name>.text</name>
         <load_address>0xc580</load_address>
         <run_address>0xc580</run_address>
         <size>0xa68</size>
         <input_file_ref idref="fl-10"/>
      </object_component>
      <object_component id="oc-31">
         <name>.text</name>
         <load_address>0xcfe8</load_address>
         <run_address>0xcfe8</run_address>
         <size>0x894</size>
         <input_file_ref idref="fl-11"/>
      </object_component>
      <object_component id="oc-bc">
         <name>.text</name>
         <load_address>0xd87c</load_address>
         <run_address>0xd87c</run_address>
         <size>0x634</size>
         <input_file_ref idref="fl-2c"/>
      </object_component>
      <object_component id="oc-50">
         <name>.text</name>
         <load_address>0xdeb0</load_address>
         <run_address>0xdeb0</run_address>
         <size>0x340</size>
         <input_file_ref idref="fl-1a"/>
      </object_component>
      <object_component id="oc-2a7">
         <name>.text</name>
         <load_address>0xe1f0</load_address>
         <run_address>0xe1f0</run_address>
         <size>0x2b8</size>
         <input_file_ref idref="fl-5b"/>
      </object_component>
      <object_component id="oc-30">
         <name>.text:retain</name>
         <load_address>0xe4a8</load_address>
         <run_address>0xe4a8</run_address>
         <size>0x26c</size>
         <input_file_ref idref="fl-11"/>
      </object_component>
      <object_component id="oc-2db">
         <name>.text</name>
         <load_address>0xe714</load_address>
         <run_address>0xe714</run_address>
         <size>0x1b6</size>
         <input_file_ref idref="fl-52"/>
      </object_component>
      <object_component id="oc-88">
         <name>.text</name>
         <load_address>0xe8cc</load_address>
         <run_address>0xe8cc</run_address>
         <size>0x198</size>
         <input_file_ref idref="fl-28"/>
      </object_component>
      <object_component id="oc-d4">
         <name>.text</name>
         <load_address>0xea64</load_address>
         <run_address>0xea64</run_address>
         <size>0x150</size>
         <input_file_ref idref="fl-1d"/>
      </object_component>
      <object_component id="oc-2c1">
         <name>.text</name>
         <load_address>0xebb4</load_address>
         <run_address>0xebb4</run_address>
         <size>0x136</size>
         <input_file_ref idref="fl-40"/>
      </object_component>
      <object_component id="oc-4a">
         <name>.text:retain</name>
         <load_address>0xecec</load_address>
         <run_address>0xecec</run_address>
         <size>0x130</size>
         <input_file_ref idref="fl-2c"/>
      </object_component>
      <object_component id="oc-b5">
         <name>.text</name>
         <load_address>0xee1c</load_address>
         <run_address>0xee1c</run_address>
         <size>0x114</size>
         <input_file_ref idref="fl-14"/>
      </object_component>
      <object_component id="oc-2bc">
         <name>.text</name>
         <load_address>0xef30</load_address>
         <run_address>0xef30</run_address>
         <size>0xfc</size>
         <input_file_ref idref="fl-41"/>
      </object_component>
      <object_component id="oc-ad">
         <name>.text</name>
         <load_address>0xf02c</load_address>
         <run_address>0xf02c</run_address>
         <size>0xe8</size>
         <input_file_ref idref="fl-2f"/>
      </object_component>
      <object_component id="oc-68">
         <name>.text</name>
         <load_address>0xf114</load_address>
         <run_address>0xf114</run_address>
         <size>0x9c</size>
         <input_file_ref idref="fl-47"/>
      </object_component>
      <object_component id="oc-2b7">
         <name>.text:__aeabi_cdcmple</name>
         <load_address>0xf1b0</load_address>
         <run_address>0xf1b0</run_address>
         <size>0x86</size>
         <input_file_ref idref="fl-53"/>
      </object_component>
      <object_component id="oc-2c6">
         <name>.text:__aeabi_cdrcmple</name>
         <load_address>0xf236</load_address>
         <run_address>0xf236</run_address>
         <size>0x86</size>
         <input_file_ref idref="fl-53"/>
      </object_component>
      <object_component id="oc-1d0">
         <name>.text</name>
         <load_address>0xf2bc</load_address>
         <run_address>0xf2bc</run_address>
         <size>0x78</size>
         <input_file_ref idref="fl-48"/>
      </object_component>
      <object_component id="oc-1d5">
         <name>.text</name>
         <load_address>0xf334</load_address>
         <run_address>0xf334</run_address>
         <size>0x64</size>
         <input_file_ref idref="fl-49"/>
      </object_component>
      <object_component id="oc-2d0">
         <name>.text</name>
         <load_address>0xf398</load_address>
         <run_address>0xf398</run_address>
         <size>0x5a</size>
         <input_file_ref idref="fl-58"/>
      </object_component>
      <object_component id="oc-2ec">
         <name>.text</name>
         <load_address>0xf3f4</load_address>
         <run_address>0xf3f4</run_address>
         <size>0x50</size>
         <input_file_ref idref="fl-50"/>
      </object_component>
      <object_component id="oc-319">
         <name>.text</name>
         <load_address>0xf444</load_address>
         <run_address>0xf444</run_address>
         <size>0x4e</size>
         <input_file_ref idref="fl-5d"/>
      </object_component>
      <object_component id="oc-2cb">
         <name>.text</name>
         <load_address>0xf492</load_address>
         <run_address>0xf492</run_address>
         <size>0x48</size>
         <input_file_ref idref="fl-54"/>
      </object_component>
      <object_component id="oc-cd">
         <name>.text</name>
         <load_address>0xf4dc</load_address>
         <run_address>0xf4dc</run_address>
         <size>0x44</size>
         <input_file_ref idref="fl-3f"/>
      </object_component>
      <object_component id="oc-1c4">
         <name>.text</name>
         <load_address>0xf520</load_address>
         <run_address>0xf520</run_address>
         <size>0x30</size>
         <input_file_ref idref="fl-4b"/>
      </object_component>
      <object_component id="oc-2d6">
         <name>.text</name>
         <load_address>0xf550</load_address>
         <run_address>0xf550</run_address>
         <size>0x2e</size>
         <input_file_ref idref="fl-56"/>
      </object_component>
      <object_component id="oc-2e6">
         <name>.text</name>
         <load_address>0xf57e</load_address>
         <run_address>0xf57e</run_address>
         <size>0x1c</size>
         <input_file_ref idref="fl-59"/>
      </object_component>
      <object_component id="oc-1bb">
         <name>.text</name>
         <load_address>0xf59a</load_address>
         <run_address>0xf59a</run_address>
         <size>0x1a</size>
         <input_file_ref idref="fl-4a"/>
      </object_component>
      <object_component id="oc-2ac">
         <name>.text</name>
         <load_address>0xf5b4</load_address>
         <run_address>0xf5b4</run_address>
         <size>0x18</size>
         <input_file_ref idref="fl-57"/>
      </object_component>
      <object_component id="oc-2b1">
         <name>.text</name>
         <load_address>0xf5cc</load_address>
         <run_address>0xf5cc</run_address>
         <size>0x16</size>
         <input_file_ref idref="fl-5a"/>
      </object_component>
      <object_component id="oc-1f5">
         <name>.text</name>
         <load_address>0xf5e4</load_address>
         <run_address>0xf5e4</run_address>
         <size>0x14</size>
         <input_file_ref idref="fl-4e"/>
      </object_component>
      <object_component id="oc-2e0">
         <name>.text</name>
         <load_address>0xf5f8</load_address>
         <run_address>0xf5f8</run_address>
         <size>0xe</size>
         <input_file_ref idref="fl-5c"/>
      </object_component>
      <object_component id="oc-a8">
         <name>.text</name>
         <load_address>0xf608</load_address>
         <run_address>0xf608</run_address>
         <size>0x4</size>
         <input_file_ref idref="fl-1e"/>
      </object_component>
      <object_component id="oc-3c">
         <name>.text:retain</name>
         <load_address>0xf60c</load_address>
         <run_address>0xf60c</run_address>
         <size>0x4</size>
         <input_file_ref idref="fl-15"/>
      </object_component>
      <object_component id="oc-c7">
         <name>.text</name>
         <load_address>0xf610</load_address>
         <run_address>0xf610</run_address>
         <size>0x4</size>
         <input_file_ref idref="fl-18"/>
      </object_component>
      <object_component id="oc-3d">
         <name>.const:s_vim_init</name>
         <load_address>0xf614</load_address>
         <run_address>0xf614</run_address>
         <size>0x180</size>
         <input_file_ref idref="fl-11"/>
      </object_component>
      <object_component id="oc-322">
         <name>.const:.string:_ctypes_</name>
         <load_address>0xf794</load_address>
         <run_address>0xf794</run_address>
         <size>0x102</size>
         <input_file_ref idref="fl-51"/>
      </object_component>
      <object_component id="oc-12d">
         <name>.kernelBSS</name>
         <load_address>0x8001548</load_address>
         <run_address>0x8001548</run_address>
         <size>0x8</size>
         <input_file_ref idref="fl-23"/>
      </object_component>
      <object_component id="oc-217">
         <name>.kernelBSS:init</name>
         <load_address>0x8001540</load_address>
         <run_address>0x8001540</run_address>
         <size>0x8</size>
         <input_file_ref idref="fl-1f"/>
      </object_component>
      <object_component id="oc-21a">
         <name>.kernelBSS:uninit</name>
         <load_address>0x8001500</load_address>
         <run_address>0x8001500</run_address>
         <size>0x30</size>
         <input_file_ref idref="fl-1f"/>
      </object_component>
      <object_component id="oc-234">
         <name>.kernelBSS:init</name>
         <load_address>0x8001530</load_address>
         <run_address>0x8001530</run_address>
         <size>0x10</size>
         <input_file_ref idref="fl-26"/>
      </object_component>
      <object_component id="oc-237">
         <name>.kernelBSS:uninit</name>
         <load_address>0x8001550</load_address>
         <run_address>0x8001550</run_address>
         <size>0x8</size>
         <input_file_ref idref="fl-26"/>
      </object_component>
      <object_component id="oc-23a">
         <name>.kernelHEAP</name>
         <uninitialized>true</uninitialized>
         <run_address>0x8001d00</run_address>
         <size>0x2000</size>
         <input_file_ref idref="fl-26"/>
      </object_component>
      <object_component id="oc-172">
         <name>.data</name>
         <load_address>0x8003d00</load_address>
         <run_address>0x8003d00</run_address>
         <size>0x8</size>
         <input_file_ref idref="fl-4e"/>
      </object_component>
      <object_component id="oc-175">
         <name>.data</name>
         <load_address>0x8003d08</load_address>
         <run_address>0x8003d08</run_address>
         <size>0x8</size>
         <input_file_ref idref="fl-3f"/>
      </object_component>
      <object_component id="oc-19">
         <name>.debug_frame</name>
         <load_address>0x0</load_address>
         <run_address>0x0</run_address>
         <size>0x3e</size>
         <input_file_ref idref="fl-12"/>
      </object_component>
      <object_component id="oc-20">
         <name>.debug_frame</name>
         <load_address>0x3e</load_address>
         <run_address>0x3e</run_address>
         <size>0x3f</size>
         <input_file_ref idref="fl-3b"/>
      </object_component>
      <object_component id="oc-29">
         <name>.debug_frame</name>
         <load_address>0x7d</load_address>
         <run_address>0x7d</run_address>
         <size>0x3f</size>
         <input_file_ref idref="fl-3d"/>
      </object_component>
      <object_component id="oc-2e">
         <name>.debug_frame</name>
         <load_address>0xbc</load_address>
         <run_address>0xbc</run_address>
         <size>0x3f</size>
         <input_file_ref idref="fl-3c"/>
      </object_component>
      <object_component id="oc-36">
         <name>.debug_frame</name>
         <load_address>0xfb</load_address>
         <run_address>0xfb</run_address>
         <size>0xa4</size>
         <input_file_ref idref="fl-11"/>
      </object_component>
      <object_component id="oc-3a">
         <name>.debug_frame</name>
         <load_address>0x19f</load_address>
         <run_address>0x19f</run_address>
         <size>0x5e</size>
         <input_file_ref idref="fl-11"/>
      </object_component>
      <object_component id="oc-44">
         <name>.debug_frame</name>
         <load_address>0x1fd</load_address>
         <run_address>0x1fd</run_address>
         <size>0x3f</size>
         <input_file_ref idref="fl-15"/>
      </object_component>
      <object_component id="oc-4f">
         <name>.debug_frame</name>
         <load_address>0x23c</load_address>
         <run_address>0x23c</run_address>
         <size>0x5b</size>
         <input_file_ref idref="fl-2c"/>
      </object_component>
      <object_component id="oc-5a">
         <name>.debug_frame</name>
         <load_address>0x297</load_address>
         <run_address>0x297</run_address>
         <size>0x483</size>
         <input_file_ref idref="fl-13"/>
      </object_component>
      <object_component id="oc-5c">
         <name>.debug_frame</name>
         <load_address>0x71a</load_address>
         <run_address>0x71a</run_address>
         <size>0x46</size>
         <input_file_ref idref="fl-12"/>
      </object_component>
      <object_component id="oc-62">
         <name>.debug_frame</name>
         <load_address>0x760</load_address>
         <run_address>0x760</run_address>
         <size>0x101</size>
         <input_file_ref idref="fl-10"/>
      </object_component>
      <object_component id="oc-80">
         <name>.debug_frame</name>
         <load_address>0x861</load_address>
         <run_address>0x861</run_address>
         <size>0x4a</size>
         <input_file_ref idref="fl-3c"/>
      </object_component>
      <object_component id="oc-8d">
         <name>.debug_frame</name>
         <load_address>0x8ab</load_address>
         <run_address>0x8ab</run_address>
         <size>0x1fa</size>
         <input_file_ref idref="fl-28"/>
      </object_component>
      <object_component id="oc-c1">
         <name>.debug_frame</name>
         <load_address>0xaa5</load_address>
         <run_address>0xaa5</run_address>
         <size>0x1a4</size>
         <input_file_ref idref="fl-2c"/>
      </object_component>
      <object_component id="oc-cc">
         <name>.debug_frame</name>
         <load_address>0xc49</load_address>
         <run_address>0xc49</run_address>
         <size>0x3f</size>
         <input_file_ref idref="fl-18"/>
      </object_component>
      <object_component id="oc-d2">
         <name>.debug_frame</name>
         <load_address>0xc88</load_address>
         <run_address>0xc88</run_address>
         <size>0x73</size>
         <input_file_ref idref="fl-3f"/>
      </object_component>
      <object_component id="oc-d9">
         <name>.debug_frame</name>
         <load_address>0xcfb</load_address>
         <run_address>0xcfb</run_address>
         <size>0x56</size>
         <input_file_ref idref="fl-1d"/>
      </object_component>
      <object_component id="oc-129">
         <name>.debug_frame</name>
         <load_address>0xd51</load_address>
         <run_address>0xd51</run_address>
         <size>0x48d</size>
         <input_file_ref idref="fl-20"/>
      </object_component>
      <object_component id="oc-16f">
         <name>.debug_frame</name>
         <load_address>0x11de</load_address>
         <run_address>0x11de</run_address>
         <size>0x4a</size>
         <input_file_ref idref="fl-3e"/>
      </object_component>
      <object_component id="oc-1ae">
         <name>.debug_frame</name>
         <load_address>0x1228</load_address>
         <run_address>0x1228</run_address>
         <size>0xd0</size>
         <input_file_ref idref="fl-23"/>
      </object_component>
      <object_component id="oc-1b4">
         <name>.debug_frame</name>
         <load_address>0x12f8</load_address>
         <run_address>0x12f8</run_address>
         <size>0xa1</size>
         <input_file_ref idref="fl-25"/>
      </object_component>
      <object_component id="oc-1ba">
         <name>.debug_frame</name>
         <load_address>0x1399</load_address>
         <run_address>0x1399</run_address>
         <size>0x1a2</size>
         <input_file_ref idref="fl-1f"/>
      </object_component>
      <object_component id="oc-1bf">
         <name>.debug_frame</name>
         <load_address>0x153b</load_address>
         <run_address>0x153b</run_address>
         <size>0x3f</size>
         <input_file_ref idref="fl-4a"/>
      </object_component>
      <object_component id="oc-1c8">
         <name>.debug_frame</name>
         <load_address>0x157a</load_address>
         <run_address>0x157a</run_address>
         <size>0x46</size>
         <input_file_ref idref="fl-4b"/>
      </object_component>
      <object_component id="oc-1cf">
         <name>.debug_frame</name>
         <load_address>0x15c0</load_address>
         <run_address>0x15c0</run_address>
         <size>0xbe</size>
         <input_file_ref idref="fl-26"/>
      </object_component>
      <object_component id="oc-1da">
         <name>.debug_frame</name>
         <load_address>0x167e</load_address>
         <run_address>0x167e</run_address>
         <size>0x8c</size>
         <input_file_ref idref="fl-49"/>
      </object_component>
      <object_component id="oc-1f6">
         <name>.debug_frame</name>
         <load_address>0x170a</load_address>
         <run_address>0x170a</run_address>
         <size>0x61</size>
         <input_file_ref idref="fl-4e"/>
      </object_component>
      <object_component id="oc-216">
         <name>.debug_frame</name>
         <load_address>0x176b</load_address>
         <run_address>0x176b</run_address>
         <size>0x2c1</size>
         <input_file_ref idref="fl-21"/>
      </object_component>
      <object_component id="oc-246">
         <name>.debug_frame</name>
         <load_address>0x1a2c</load_address>
         <run_address>0x1a2c</run_address>
         <size>0x1c0</size>
         <input_file_ref idref="fl-4f"/>
      </object_component>
      <object_component id="oc-2b6">
         <name>.debug_frame</name>
         <load_address>0x1bec</load_address>
         <run_address>0x1bec</run_address>
         <size>0x3f</size>
         <input_file_ref idref="fl-5a"/>
      </object_component>
      <object_component id="oc-2d5">
         <name>.debug_frame</name>
         <load_address>0x1c2b</load_address>
         <run_address>0x1c2b</run_address>
         <size>0x52</size>
         <input_file_ref idref="fl-58"/>
      </object_component>
      <object_component id="oc-2e5">
         <name>.debug_frame</name>
         <load_address>0x1c7d</load_address>
         <run_address>0x1c7d</run_address>
         <size>0x4a</size>
         <input_file_ref idref="fl-5c"/>
      </object_component>
      <object_component id="oc-2eb">
         <name>.debug_frame</name>
         <load_address>0x1cc7</load_address>
         <run_address>0x1cc7</run_address>
         <size>0x46</size>
         <input_file_ref idref="fl-59"/>
      </object_component>
      <object_component id="oc-2f0">
         <name>.debug_frame</name>
         <load_address>0x1d0d</load_address>
         <run_address>0x1d0d</run_address>
         <size>0x4a</size>
         <input_file_ref idref="fl-50"/>
      </object_component>
      <object_component id="oc-31e">
         <name>.debug_frame</name>
         <load_address>0x1d57</load_address>
         <run_address>0x1d57</run_address>
         <size>0x3f</size>
         <input_file_ref idref="fl-5d"/>
      </object_component>
      <object_component id="oc-1a">
         <name>.debug_aranges</name>
         <load_address>0x0</load_address>
         <run_address>0x0</run_address>
         <size>0x20</size>
         <input_file_ref idref="fl-12"/>
      </object_component>
      <object_component id="oc-1f">
         <name>.debug_aranges</name>
         <load_address>0x20</load_address>
         <run_address>0x20</run_address>
         <size>0x20</size>
         <input_file_ref idref="fl-3b"/>
      </object_component>
      <object_component id="oc-26">
         <name>.debug_aranges</name>
         <load_address>0x40</load_address>
         <run_address>0x40</run_address>
         <size>0x20</size>
         <input_file_ref idref="fl-3d"/>
      </object_component>
      <object_component id="oc-2d">
         <name>.debug_aranges</name>
         <load_address>0x60</load_address>
         <run_address>0x60</run_address>
         <size>0x20</size>
         <input_file_ref idref="fl-3c"/>
      </object_component>
      <object_component id="oc-33">
         <name>.debug_aranges</name>
         <load_address>0x80</load_address>
         <run_address>0x80</run_address>
         <size>0x40</size>
         <input_file_ref idref="fl-11"/>
      </object_component>
      <object_component id="oc-39">
         <name>.debug_aranges</name>
         <load_address>0xc0</load_address>
         <run_address>0xc0</run_address>
         <size>0x20</size>
         <input_file_ref idref="fl-11"/>
      </object_component>
      <object_component id="oc-42">
         <name>.debug_aranges</name>
         <load_address>0xe0</load_address>
         <run_address>0xe0</run_address>
         <size>0x20</size>
         <input_file_ref idref="fl-15"/>
      </object_component>
      <object_component id="oc-47">
         <name>.debug_aranges</name>
         <load_address>0x100</load_address>
         <run_address>0x100</run_address>
         <size>0x20</size>
         <input_file_ref idref="fl-19"/>
      </object_component>
      <object_component id="oc-4d">
         <name>.debug_aranges</name>
         <load_address>0x120</load_address>
         <run_address>0x120</run_address>
         <size>0x20</size>
         <input_file_ref idref="fl-2c"/>
      </object_component>
      <object_component id="oc-53">
         <name>.debug_aranges</name>
         <load_address>0x140</load_address>
         <run_address>0x140</run_address>
         <size>0x100</size>
         <input_file_ref idref="fl-1a"/>
      </object_component>
      <object_component id="oc-57">
         <name>.debug_aranges</name>
         <load_address>0x240</load_address>
         <run_address>0x240</run_address>
         <size>0x180</size>
         <input_file_ref idref="fl-13"/>
      </object_component>
      <object_component id="oc-5d">
         <name>.debug_aranges</name>
         <load_address>0x3c0</load_address>
         <run_address>0x3c0</run_address>
         <size>0x20</size>
         <input_file_ref idref="fl-12"/>
      </object_component>
      <object_component id="oc-63">
         <name>.debug_aranges</name>
         <load_address>0x3e0</load_address>
         <run_address>0x3e0</run_address>
         <size>0x68</size>
         <input_file_ref idref="fl-10"/>
      </object_component>
      <object_component id="oc-6a">
         <name>.debug_aranges</name>
         <load_address>0x448</load_address>
         <run_address>0x448</run_address>
         <size>0x20</size>
         <input_file_ref idref="fl-47"/>
      </object_component>
      <object_component id="oc-7e">
         <name>.debug_aranges</name>
         <load_address>0x468</load_address>
         <run_address>0x468</run_address>
         <size>0x20</size>
         <input_file_ref idref="fl-3c"/>
      </object_component>
      <object_component id="oc-89">
         <name>.debug_aranges</name>
         <load_address>0x488</load_address>
         <run_address>0x488</run_address>
         <size>0xb8</size>
         <input_file_ref idref="fl-28"/>
      </object_component>
      <object_component id="oc-a2">
         <name>.debug_aranges</name>
         <load_address>0x540</load_address>
         <run_address>0x540</run_address>
         <size>0x90</size>
         <input_file_ref idref="fl-22"/>
      </object_component>
      <object_component id="oc-a9">
         <name>.debug_aranges</name>
         <load_address>0x5d0</load_address>
         <run_address>0x5d0</run_address>
         <size>0x20</size>
         <input_file_ref idref="fl-1e"/>
      </object_component>
      <object_component id="oc-ae">
         <name>.debug_aranges</name>
         <load_address>0x5f0</load_address>
         <run_address>0x5f0</run_address>
         <size>0x20</size>
         <input_file_ref idref="fl-2f"/>
      </object_component>
      <object_component id="oc-b9">
         <name>.debug_aranges</name>
         <load_address>0x610</load_address>
         <run_address>0x610</run_address>
         <size>0x78</size>
         <input_file_ref idref="fl-14"/>
      </object_component>
      <object_component id="oc-be">
         <name>.debug_aranges</name>
         <load_address>0x688</load_address>
         <run_address>0x688</run_address>
         <size>0xa0</size>
         <input_file_ref idref="fl-2c"/>
      </object_component>
      <object_component id="oc-c6">
         <name>.debug_aranges</name>
         <load_address>0x728</load_address>
         <run_address>0x728</run_address>
         <size>0x28</size>
         <input_file_ref idref="fl-3a"/>
      </object_component>
      <object_component id="oc-ca">
         <name>.debug_aranges</name>
         <load_address>0x750</load_address>
         <run_address>0x750</run_address>
         <size>0x20</size>
         <input_file_ref idref="fl-18"/>
      </object_component>
      <object_component id="oc-d0">
         <name>.debug_aranges</name>
         <load_address>0x770</load_address>
         <run_address>0x770</run_address>
         <size>0x30</size>
         <input_file_ref idref="fl-3f"/>
      </object_component>
      <object_component id="oc-d6">
         <name>.debug_aranges</name>
         <load_address>0x7a0</load_address>
         <run_address>0x7a0</run_address>
         <size>0x28</size>
         <input_file_ref idref="fl-1d"/>
      </object_component>
      <object_component id="oc-128">
         <name>.debug_aranges</name>
         <load_address>0x7c8</load_address>
         <run_address>0x7c8</run_address>
         <size>0x170</size>
         <input_file_ref idref="fl-20"/>
      </object_component>
      <object_component id="oc-16d">
         <name>.debug_aranges</name>
         <load_address>0x938</load_address>
         <run_address>0x938</run_address>
         <size>0x20</size>
         <input_file_ref idref="fl-3e"/>
      </object_component>
      <object_component id="oc-1ab">
         <name>.debug_aranges</name>
         <load_address>0x958</load_address>
         <run_address>0x958</run_address>
         <size>0x50</size>
         <input_file_ref idref="fl-23"/>
      </object_component>
      <object_component id="oc-1b1">
         <name>.debug_aranges</name>
         <load_address>0x9a8</load_address>
         <run_address>0x9a8</run_address>
         <size>0x40</size>
         <input_file_ref idref="fl-25"/>
      </object_component>
      <object_component id="oc-1b8">
         <name>.debug_aranges</name>
         <load_address>0x9e8</load_address>
         <run_address>0x9e8</run_address>
         <size>0x88</size>
         <input_file_ref idref="fl-1f"/>
      </object_component>
      <object_component id="oc-1be">
         <name>.debug_aranges</name>
         <load_address>0xa70</load_address>
         <run_address>0xa70</run_address>
         <size>0x20</size>
         <input_file_ref idref="fl-4a"/>
      </object_component>
      <object_component id="oc-1c7">
         <name>.debug_aranges</name>
         <load_address>0xa90</load_address>
         <run_address>0xa90</run_address>
         <size>0x20</size>
         <input_file_ref idref="fl-4b"/>
      </object_component>
      <object_component id="oc-1cd">
         <name>.debug_aranges</name>
         <load_address>0xab0</load_address>
         <run_address>0xab0</run_address>
         <size>0x48</size>
         <input_file_ref idref="fl-26"/>
      </object_component>
      <object_component id="oc-1d1">
         <name>.debug_aranges</name>
         <load_address>0xaf8</load_address>
         <run_address>0xaf8</run_address>
         <size>0x28</size>
         <input_file_ref idref="fl-48"/>
      </object_component>
      <object_component id="oc-1d7">
         <name>.debug_aranges</name>
         <load_address>0xb20</load_address>
         <run_address>0xb20</run_address>
         <size>0x30</size>
         <input_file_ref idref="fl-49"/>
      </object_component>
      <object_component id="oc-1f7">
         <name>.debug_aranges</name>
         <load_address>0xb50</load_address>
         <run_address>0xb50</run_address>
         <size>0x30</size>
         <input_file_ref idref="fl-4e"/>
      </object_component>
      <object_component id="oc-214">
         <name>.debug_aranges</name>
         <load_address>0xb80</load_address>
         <run_address>0xb80</run_address>
         <size>0xd8</size>
         <input_file_ref idref="fl-21"/>
      </object_component>
      <object_component id="oc-249">
         <name>.debug_aranges</name>
         <load_address>0xc58</load_address>
         <run_address>0xc58</run_address>
         <size>0x60</size>
         <input_file_ref idref="fl-4f"/>
      </object_component>
      <object_component id="oc-2a8">
         <name>.debug_aranges</name>
         <load_address>0xcb8</load_address>
         <run_address>0xcb8</run_address>
         <size>0x28</size>
         <input_file_ref idref="fl-5b"/>
      </object_component>
      <object_component id="oc-2ae">
         <name>.debug_aranges</name>
         <load_address>0xce0</load_address>
         <run_address>0xce0</run_address>
         <size>0x20</size>
         <input_file_ref idref="fl-57"/>
      </object_component>
      <object_component id="oc-2b5">
         <name>.debug_aranges</name>
         <load_address>0xd00</load_address>
         <run_address>0xd00</run_address>
         <size>0x20</size>
         <input_file_ref idref="fl-5a"/>
      </object_component>
      <object_component id="oc-2b8">
         <name>.debug_aranges</name>
         <load_address>0xd20</load_address>
         <run_address>0xd20</run_address>
         <size>0x20</size>
         <input_file_ref idref="fl-53"/>
      </object_component>
      <object_component id="oc-2bd">
         <name>.debug_aranges</name>
         <load_address>0xd40</load_address>
         <run_address>0xd40</run_address>
         <size>0x20</size>
         <input_file_ref idref="fl-41"/>
      </object_component>
      <object_component id="oc-2c3">
         <name>.debug_aranges</name>
         <load_address>0xd60</load_address>
         <run_address>0xd60</run_address>
         <size>0x20</size>
         <input_file_ref idref="fl-40"/>
      </object_component>
      <object_component id="oc-2c7">
         <name>.debug_aranges</name>
         <load_address>0xd80</load_address>
         <run_address>0xd80</run_address>
         <size>0x20</size>
         <input_file_ref idref="fl-53"/>
      </object_component>
      <object_component id="oc-2cc">
         <name>.debug_aranges</name>
         <load_address>0xda0</load_address>
         <run_address>0xda0</run_address>
         <size>0x20</size>
         <input_file_ref idref="fl-54"/>
      </object_component>
      <object_component id="oc-2d2">
         <name>.debug_aranges</name>
         <load_address>0xdc0</load_address>
         <run_address>0xdc0</run_address>
         <size>0x20</size>
         <input_file_ref idref="fl-58"/>
      </object_component>
      <object_component id="oc-2d8">
         <name>.debug_aranges</name>
         <load_address>0xde0</load_address>
         <run_address>0xde0</run_address>
         <size>0x20</size>
         <input_file_ref idref="fl-56"/>
      </object_component>
      <object_component id="oc-2de">
         <name>.debug_aranges</name>
         <load_address>0xe00</load_address>
         <run_address>0xe00</run_address>
         <size>0x20</size>
         <input_file_ref idref="fl-52"/>
      </object_component>
      <object_component id="oc-2e3">
         <name>.debug_aranges</name>
         <load_address>0xe20</load_address>
         <run_address>0xe20</run_address>
         <size>0x20</size>
         <input_file_ref idref="fl-5c"/>
      </object_component>
      <object_component id="oc-2e8">
         <name>.debug_aranges</name>
         <load_address>0xe40</load_address>
         <run_address>0xe40</run_address>
         <size>0x20</size>
         <input_file_ref idref="fl-59"/>
      </object_component>
      <object_component id="oc-2ee">
         <name>.debug_aranges</name>
         <load_address>0xe60</load_address>
         <run_address>0xe60</run_address>
         <size>0x20</size>
         <input_file_ref idref="fl-50"/>
      </object_component>
      <object_component id="oc-31c">
         <name>.debug_aranges</name>
         <load_address>0xe80</load_address>
         <run_address>0xe80</run_address>
         <size>0x20</size>
         <input_file_ref idref="fl-5d"/>
      </object_component>
      <object_component id="oc-1b">
         <name>.debug_info</name>
         <load_address>0x0</load_address>
         <run_address>0x0</run_address>
         <size>0x2e5</size>
         <input_file_ref idref="fl-12"/>
      </object_component>
      <object_component id="oc-21">
         <name>.debug_info</name>
         <load_address>0x2e5</load_address>
         <run_address>0x2e5</run_address>
         <size>0x194</size>
         <input_file_ref idref="fl-3b"/>
      </object_component>
      <object_component id="oc-25">
         <name>.debug_info</name>
         <load_address>0x479</load_address>
         <run_address>0x479</run_address>
         <size>0x16a</size>
         <input_file_ref idref="fl-3d"/>
      </object_component>
      <object_component id="oc-2b">
         <name>.debug_info</name>
         <load_address>0x5e3</load_address>
         <run_address>0x5e3</run_address>
         <size>0x18e</size>
         <input_file_ref idref="fl-3c"/>
      </object_component>
      <object_component id="oc-32">
         <name>.debug_info</name>
         <load_address>0x771</load_address>
         <run_address>0x771</run_address>
         <size>0x466</size>
         <input_file_ref idref="fl-11"/>
      </object_component>
      <object_component id="oc-37">
         <name>.debug_info</name>
         <load_address>0xbd7</load_address>
         <run_address>0xbd7</run_address>
         <size>0x1ef</size>
         <input_file_ref idref="fl-11"/>
      </object_component>
      <object_component id="oc-3e">
         <name>.debug_info</name>
         <load_address>0xdc6</load_address>
         <run_address>0xdc6</run_address>
         <size>0xd4</size>
         <input_file_ref idref="fl-11"/>
      </object_component>
      <object_component id="oc-41">
         <name>.debug_info</name>
         <load_address>0xe9a</load_address>
         <run_address>0xe9a</run_address>
         <size>0x12c</size>
         <input_file_ref idref="fl-15"/>
      </object_component>
      <object_component id="oc-46">
         <name>.debug_info</name>
         <load_address>0xfc6</load_address>
         <run_address>0xfc6</run_address>
         <size>0x100</size>
         <input_file_ref idref="fl-19"/>
      </object_component>
      <object_component id="oc-4b">
         <name>.debug_info</name>
         <load_address>0x10c6</load_address>
         <run_address>0x10c6</run_address>
         <size>0x197</size>
         <input_file_ref idref="fl-2c"/>
      </object_component>
      <object_component id="oc-51">
         <name>.debug_info</name>
         <load_address>0x125d</load_address>
         <run_address>0x125d</run_address>
         <size>0x7af</size>
         <input_file_ref idref="fl-1a"/>
      </object_component>
      <object_component id="oc-56">
         <name>.debug_info</name>
         <load_address>0x1a0c</load_address>
         <run_address>0x1a0c</run_address>
         <size>0x2901</size>
         <input_file_ref idref="fl-13"/>
      </object_component>
      <object_component id="oc-5e">
         <name>.debug_info</name>
         <load_address>0x430d</load_address>
         <run_address>0x430d</run_address>
         <size>0x399</size>
         <input_file_ref idref="fl-12"/>
      </object_component>
      <object_component id="oc-64">
         <name>.debug_info</name>
         <load_address>0x46a6</load_address>
         <run_address>0x46a6</run_address>
         <size>0x738</size>
         <input_file_ref idref="fl-10"/>
      </object_component>
      <object_component id="oc-69">
         <name>.debug_info</name>
         <load_address>0x4dde</load_address>
         <run_address>0x4dde</run_address>
         <size>0xcc</size>
         <input_file_ref idref="fl-47"/>
      </object_component>
      <object_component id="oc-6e">
         <name>.debug_info</name>
         <load_address>0x4eaa</load_address>
         <run_address>0x4eaa</run_address>
         <size>0x46</size>
         <input_file_ref idref="fl-3b"/>
      </object_component>
      <object_component id="oc-73">
         <name>.debug_info</name>
         <load_address>0x4ef0</load_address>
         <run_address>0x4ef0</run_address>
         <size>0xf2</size>
         <input_file_ref idref="fl-3b"/>
      </object_component>
      <object_component id="oc-75">
         <name>.debug_info</name>
         <load_address>0x4fe2</load_address>
         <run_address>0x4fe2</run_address>
         <size>0x46</size>
         <input_file_ref idref="fl-3d"/>
      </object_component>
      <object_component id="oc-7a">
         <name>.debug_info</name>
         <load_address>0x5028</load_address>
         <run_address>0x5028</run_address>
         <size>0xad</size>
         <input_file_ref idref="fl-3d"/>
      </object_component>
      <object_component id="oc-7c">
         <name>.debug_info</name>
         <load_address>0x50d5</load_address>
         <run_address>0x50d5</run_address>
         <size>0x1ef</size>
         <input_file_ref idref="fl-3c"/>
      </object_component>
      <object_component id="oc-82">
         <name>.debug_info</name>
         <load_address>0x52c4</load_address>
         <run_address>0x52c4</run_address>
         <size>0xb7</size>
         <input_file_ref idref="fl-3c"/>
      </object_component>
      <object_component id="oc-83">
         <name>.debug_info</name>
         <load_address>0x537b</load_address>
         <run_address>0x537b</run_address>
         <size>0x39</size>
         <input_file_ref idref="fl-3c"/>
      </object_component>
      <object_component id="oc-8a">
         <name>.debug_info</name>
         <load_address>0x53b4</load_address>
         <run_address>0x53b4</run_address>
         <size>0x1103</size>
         <input_file_ref idref="fl-28"/>
      </object_component>
      <object_component id="oc-8f">
         <name>.debug_info</name>
         <load_address>0x64b7</load_address>
         <run_address>0x64b7</run_address>
         <size>0xae</size>
         <input_file_ref idref="fl-10"/>
      </object_component>
      <object_component id="oc-94">
         <name>.debug_info</name>
         <load_address>0x6565</load_address>
         <run_address>0x6565</run_address>
         <size>0x18c</size>
         <input_file_ref idref="fl-10"/>
      </object_component>
      <object_component id="oc-99">
         <name>.debug_info</name>
         <load_address>0x66f1</load_address>
         <run_address>0x66f1</run_address>
         <size>0x2f1</size>
         <input_file_ref idref="fl-11"/>
      </object_component>
      <object_component id="oc-9a">
         <name>.debug_info</name>
         <load_address>0x69e2</load_address>
         <run_address>0x69e2</run_address>
         <size>0x86</size>
         <input_file_ref idref="fl-10"/>
      </object_component>
      <object_component id="oc-a1">
         <name>.debug_info</name>
         <load_address>0x6a68</load_address>
         <run_address>0x6a68</run_address>
         <size>0x4ba</size>
         <input_file_ref idref="fl-22"/>
      </object_component>
      <object_component id="oc-aa">
         <name>.debug_info</name>
         <load_address>0x6f22</load_address>
         <run_address>0x6f22</run_address>
         <size>0xdf</size>
         <input_file_ref idref="fl-1e"/>
      </object_component>
      <object_component id="oc-b0">
         <name>.debug_info</name>
         <load_address>0x7001</load_address>
         <run_address>0x7001</run_address>
         <size>0xf8</size>
         <input_file_ref idref="fl-2f"/>
      </object_component>
      <object_component id="oc-b7">
         <name>.debug_info</name>
         <load_address>0x70f9</load_address>
         <run_address>0x70f9</run_address>
         <size>0x373</size>
         <input_file_ref idref="fl-14"/>
      </object_component>
      <object_component id="oc-bb">
         <name>.debug_info</name>
         <load_address>0x746c</load_address>
         <run_address>0x746c</run_address>
         <size>0x518</size>
         <input_file_ref idref="fl-13"/>
      </object_component>
      <object_component id="oc-bd">
         <name>.debug_info</name>
         <load_address>0x7984</load_address>
         <run_address>0x7984</run_address>
         <size>0xb5d</size>
         <input_file_ref idref="fl-2c"/>
      </object_component>
      <object_component id="oc-c4">
         <name>.debug_info</name>
         <load_address>0x84e1</load_address>
         <run_address>0x84e1</run_address>
         <size>0x13d</size>
         <input_file_ref idref="fl-3a"/>
      </object_component>
      <object_component id="oc-c8">
         <name>.debug_info</name>
         <load_address>0x861e</load_address>
         <run_address>0x861e</run_address>
         <size>0x10a</size>
         <input_file_ref idref="fl-18"/>
      </object_component>
      <object_component id="oc-cf">
         <name>.debug_info</name>
         <load_address>0x8728</load_address>
         <run_address>0x8728</run_address>
         <size>0x1c2</size>
         <input_file_ref idref="fl-3f"/>
      </object_component>
      <object_component id="oc-d5">
         <name>.debug_info</name>
         <load_address>0x88ea</load_address>
         <run_address>0x88ea</run_address>
         <size>0x1d5</size>
         <input_file_ref idref="fl-1d"/>
      </object_component>
      <object_component id="oc-db">
         <name>.debug_info</name>
         <load_address>0x8abf</load_address>
         <run_address>0x8abf</run_address>
         <size>0x386</size>
         <input_file_ref idref="fl-10"/>
      </object_component>
      <object_component id="oc-dd">
         <name>.debug_info</name>
         <load_address>0x8e45</load_address>
         <run_address>0x8e45</run_address>
         <size>0x2c</size>
         <input_file_ref idref="fl-3b"/>
      </object_component>
      <object_component id="oc-e4">
         <name>.debug_info</name>
         <load_address>0x8e71</load_address>
         <run_address>0x8e71</run_address>
         <size>0x84</size>
         <input_file_ref idref="fl-2"/>
      </object_component>
      <object_component id="oc-e9">
         <name>.debug_info</name>
         <load_address>0x8ef5</load_address>
         <run_address>0x8ef5</run_address>
         <size>0x2c</size>
         <input_file_ref idref="fl-10"/>
      </object_component>
      <object_component id="oc-f4">
         <name>.debug_info</name>
         <load_address>0x8f21</load_address>
         <run_address>0x8f21</run_address>
         <size>0x2f7</size>
         <input_file_ref idref="fl-28"/>
      </object_component>
      <object_component id="oc-f5">
         <name>.debug_info</name>
         <load_address>0x9218</load_address>
         <run_address>0x9218</run_address>
         <size>0x18b</size>
         <input_file_ref idref="fl-2"/>
      </object_component>
      <object_component id="oc-fa">
         <name>.debug_info</name>
         <load_address>0x93a3</load_address>
         <run_address>0x93a3</run_address>
         <size>0x2c</size>
         <input_file_ref idref="fl-10"/>
      </object_component>
      <object_component id="oc-101">
         <name>.debug_info</name>
         <load_address>0x93cf</load_address>
         <run_address>0x93cf</run_address>
         <size>0x1f2</size>
         <input_file_ref idref="fl-10"/>
      </object_component>
      <object_component id="oc-106">
         <name>.debug_info</name>
         <load_address>0x95c1</load_address>
         <run_address>0x95c1</run_address>
         <size>0x435</size>
         <input_file_ref idref="fl-10"/>
      </object_component>
      <object_component id="oc-10b">
         <name>.debug_info</name>
         <load_address>0x99f6</load_address>
         <run_address>0x99f6</run_address>
         <size>0x1d1</size>
         <input_file_ref idref="fl-10"/>
      </object_component>
      <object_component id="oc-110">
         <name>.debug_info</name>
         <load_address>0x9bc7</load_address>
         <run_address>0x9bc7</run_address>
         <size>0x6a6</size>
         <input_file_ref idref="fl-10"/>
      </object_component>
      <object_component id="oc-115">
         <name>.debug_info</name>
         <load_address>0xa26d</load_address>
         <run_address>0xa26d</run_address>
         <size>0x13e</size>
         <input_file_ref idref="fl-10"/>
      </object_component>
      <object_component id="oc-11a">
         <name>.debug_info</name>
         <load_address>0xa3ab</load_address>
         <run_address>0xa3ab</run_address>
         <size>0x2cf</size>
         <input_file_ref idref="fl-10"/>
      </object_component>
      <object_component id="oc-11f">
         <name>.debug_info</name>
         <load_address>0xa67a</load_address>
         <run_address>0xa67a</run_address>
         <size>0x4f</size>
         <input_file_ref idref="fl-11"/>
      </object_component>
      <object_component id="oc-126">
         <name>.debug_info</name>
         <load_address>0xa6c9</load_address>
         <run_address>0xa6c9</run_address>
         <size>0x33dd</size>
         <input_file_ref idref="fl-20"/>
      </object_component>
      <object_component id="oc-12b">
         <name>.debug_info</name>
         <load_address>0xdaa6</load_address>
         <run_address>0xdaa6</run_address>
         <size>0x316</size>
         <input_file_ref idref="fl-20"/>
      </object_component>
      <object_component id="oc-12e">
         <name>.debug_info</name>
         <load_address>0xddbc</load_address>
         <run_address>0xddbc</run_address>
         <size>0x11a</size>
         <input_file_ref idref="fl-23"/>
      </object_component>
      <object_component id="oc-136">
         <name>.debug_info</name>
         <load_address>0xded6</load_address>
         <run_address>0xded6</run_address>
         <size>0x791</size>
         <input_file_ref idref="fl-10"/>
      </object_component>
      <object_component id="oc-13b">
         <name>.debug_info</name>
         <load_address>0xe667</load_address>
         <run_address>0xe667</run_address>
         <size>0x4de</size>
         <input_file_ref idref="fl-10"/>
      </object_component>
      <object_component id="oc-140">
         <name>.debug_info</name>
         <load_address>0xeb45</load_address>
         <run_address>0xeb45</run_address>
         <size>0x3ce</size>
         <input_file_ref idref="fl-10"/>
      </object_component>
      <object_component id="oc-145">
         <name>.debug_info</name>
         <load_address>0xef13</load_address>
         <run_address>0xef13</run_address>
         <size>0x437</size>
         <input_file_ref idref="fl-10"/>
      </object_component>
      <object_component id="oc-14a">
         <name>.debug_info</name>
         <load_address>0xf34a</load_address>
         <run_address>0xf34a</run_address>
         <size>0x37b</size>
         <input_file_ref idref="fl-10"/>
      </object_component>
      <object_component id="oc-14f">
         <name>.debug_info</name>
         <load_address>0xf6c5</load_address>
         <run_address>0xf6c5</run_address>
         <size>0x1ca</size>
         <input_file_ref idref="fl-10"/>
      </object_component>
      <object_component id="oc-154">
         <name>.debug_info</name>
         <load_address>0xf88f</load_address>
         <run_address>0xf88f</run_address>
         <size>0x3d3</size>
         <input_file_ref idref="fl-10"/>
      </object_component>
      <object_component id="oc-159">
         <name>.debug_info</name>
         <load_address>0xfc62</load_address>
         <run_address>0xfc62</run_address>
         <size>0x1de</size>
         <input_file_ref idref="fl-10"/>
      </object_component>
      <object_component id="oc-15e">
         <name>.debug_info</name>
         <load_address>0xfe40</load_address>
         <run_address>0xfe40</run_address>
         <size>0x17a</size>
         <input_file_ref idref="fl-10"/>
      </object_component>
      <object_component id="oc-164">
         <name>.debug_info</name>
         <load_address>0xffba</load_address>
         <run_address>0xffba</run_address>
         <size>0x129</size>
         <input_file_ref idref="fl-10"/>
      </object_component>
      <object_component id="oc-169">
         <name>.debug_info</name>
         <load_address>0x100e3</load_address>
         <run_address>0x100e3</run_address>
         <size>0x160</size>
         <input_file_ref idref="fl-2c"/>
      </object_component>
      <object_component id="oc-16c">
         <name>.debug_info</name>
         <load_address>0x10243</load_address>
         <run_address>0x10243</run_address>
         <size>0x14b</size>
         <input_file_ref idref="fl-3e"/>
      </object_component>
      <object_component id="oc-173">
         <name>.debug_info</name>
         <load_address>0x1038e</load_address>
         <run_address>0x1038e</run_address>
         <size>0xc8</size>
         <input_file_ref idref="fl-4e"/>
      </object_component>
      <object_component id="oc-176">
         <name>.debug_info</name>
         <load_address>0x10456</load_address>
         <run_address>0x10456</run_address>
         <size>0xeb</size>
         <input_file_ref idref="fl-3f"/>
      </object_component>
      <object_component id="oc-179">
         <name>.debug_info</name>
         <load_address>0x10541</load_address>
         <run_address>0x10541</run_address>
         <size>0x146</size>
         <input_file_ref idref="fl-3f"/>
      </object_component>
      <object_component id="oc-17c">
         <name>.debug_info</name>
         <load_address>0x10687</load_address>
         <run_address>0x10687</run_address>
         <size>0xca</size>
         <input_file_ref idref="fl-1d"/>
      </object_component>
      <object_component id="oc-17f">
         <name>.debug_info</name>
         <load_address>0x10751</load_address>
         <run_address>0x10751</run_address>
         <size>0x1d8</size>
         <input_file_ref idref="fl-10"/>
      </object_component>
      <object_component id="oc-184">
         <name>.debug_info</name>
         <load_address>0x10929</load_address>
         <run_address>0x10929</run_address>
         <size>0x2af</size>
         <input_file_ref idref="fl-10"/>
      </object_component>
      <object_component id="oc-189">
         <name>.debug_info</name>
         <load_address>0x10bd8</load_address>
         <run_address>0x10bd8</run_address>
         <size>0x530</size>
         <input_file_ref idref="fl-10"/>
      </object_component>
      <object_component id="oc-190">
         <name>.debug_info</name>
         <load_address>0x11108</load_address>
         <run_address>0x11108</run_address>
         <size>0x3b8</size>
         <input_file_ref idref="fl-28"/>
      </object_component>
      <object_component id="oc-195">
         <name>.debug_info</name>
         <load_address>0x114c0</load_address>
         <run_address>0x114c0</run_address>
         <size>0x116</size>
         <input_file_ref idref="fl-28"/>
      </object_component>
      <object_component id="oc-19a">
         <name>.debug_info</name>
         <load_address>0x115d6</load_address>
         <run_address>0x115d6</run_address>
[...]
         <object_component_ref idref="oc-211"/>
      </symbol>
      <symbol id="sm-704">
         <name>xQueueGenericReset</name>
         <value>0xa5c8</value>
         <object_component_ref idref="oc-211"/>
      </symbol>
      <symbol id="sm-705">
         <name>xQueueReceiveFromISR</name>
         <value>0xb01c</value>
         <object_component_ref idref="oc-211"/>
      </symbol>
      <symbol id="sm-706">
         <name>xQueueGiveMutexRecursive</name>
         <value>0xa8a8</value>
         <object_component_ref idref="oc-211"/>
      </symbol>
      <symbol id="sm-707">
         <name>ucQueueGetQueueNumber</name>
         <value>0xb1f8</value>
         <object_component_ref idref="oc-211"/>
      </symbol>
      <symbol id="sm-708">
         <name>uxQueueMessagesWaitingFromISR</name>
         <value>0xb18c</value>
         <object_component_ref idref="oc-211"/>
      </symbol>
      <symbol id="sm-709">
         <name>xQueueGenericReceive</name>
         <value>0xad60</value>
         <object_component_ref idref="oc-211"/>
      </symbol>
      <symbol id="sm-70a">
         <name>xQueueTakeMutexRecursive</name>
         <value>0xa930</value>
         <object_component_ref idref="oc-211"/>
      </symbol>
      <symbol id="sm-70b">
         <name>xQueueCreateCountingSemaphore</name>
         <value>0xa9cc</value>
         <object_component_ref idref="oc-211"/>
      </symbol>
      <symbol id="sm-70c">
         <name>vQueueWaitForMessageRestricted</name>
         <value>0xb5f8</value>
         <object_component_ref idref="oc-211"/>
      </symbol>
      <symbol id="sm-70d">
         <name>vQueueDelete</name>
         <value>0xb1bc</value>
         <object_component_ref idref="oc-211"/>
      </symbol>
      <symbol id="sm-70e">
         <name>ucQueueGetQueueType</name>
         <value>0xb230</value>
         <object_component_ref idref="oc-211"/>
      </symbol>
      <symbol id="sm-729">
         <name>prvMpuSetRegion</name>
         <value>0x3ac0</value>
         <object_component_ref idref="oc-a0"/>
      </symbol>
      <symbol id="sm-72a">
         <name>vPortStartFirstTask</name>
         <value>0x3770</value>
         <object_component_ref idref="oc-a0"/>
      </symbol>
      <symbol id="sm-72b">
         <name>vPortYeildWithinAPI</name>
         <value>0x388c</value>
         <object_component_ref idref="oc-a0"/>
      </symbol>
      <symbol id="sm-72c">
         <name>vPortPreemptiveTick</name>
         <value>0x3940</value>
         <object_component_ref idref="oc-a0"/>
      </symbol>
      <symbol id="sm-72d">
         <name>prvMpuDisable</name>
         <value>0x3af0</value>
         <object_component_ref idref="oc-a0"/>
      </symbol>
      <symbol id="sm-72e">
         <name>prvMpuEnable</name>
         <value>0x3ad8</value>
         <object_component_ref idref="oc-a0"/>
      </symbol>
      <symbol id="sm-72f">
         <name>ulPortCountLeadingZeros</name>
         <value>0x39fc</value>
         <object_component_ref idref="oc-a0"/>
      </symbol>
      <symbol id="sm-730">
         <name>vPortYieldProcessor</name>
         <value>0x37e0</value>
         <object_component_ref idref="oc-a0"/>
      </symbol>
      <symbol id="sm-731">
         <name>vPortSWI</name>
         <value>0x3a04</value>
         <object_component_ref idref="oc-a0"/>
      </symbol>
      <symbol id="sm-76b">
         <name>vPortStoreTaskMPUSettings</name>
         <value>0x2f14</value>
         <object_component_ref idref="oc-1a9"/>
      </symbol>
      <symbol id="sm-76c">
         <name>ulTaskHasFPUContext</name>
         <value>0x800154c</value>
         <object_component_ref idref="oc-12d"/>
      </symbol>
      <symbol id="sm-76d">
         <name>vPortEndScheduler</name>
         <value>0x32bc</value>
         <object_component_ref idref="oc-1a9"/>
      </symbol>
      <symbol id="sm-76e">
         <name>ulCriticalNesting</name>
         <value>0x8001548</value>
         <object_component_ref idref="oc-12d"/>
      </symbol>
      <symbol id="sm-76f">
         <name>pxPortInitialiseStack</name>
         <value>0x2db8</value>
         <object_component_ref idref="oc-1a9"/>
      </symbol>
      <symbol id="sm-770">
         <name>xPortStartScheduler</name>
         <value>0x3298</value>
         <object_component_ref idref="oc-1a9"/>
      </symbol>
      <symbol id="sm-787">
         <name>uxListRemove</name>
         <value>0x3cd4</value>
         <object_component_ref idref="oc-1af"/>
      </symbol>
      <symbol id="sm-788">
         <name>vListInsert</name>
         <value>0x3c10</value>
         <object_component_ref idref="oc-1af"/>
      </symbol>
      <symbol id="sm-789">
         <name>vListInitialiseItem</name>
         <value>0x3b70</value>
         <object_component_ref idref="oc-1af"/>
      </symbol>
      <symbol id="sm-78a">
         <name>vListInsertEnd</name>
         <value>0x3b8c</value>
         <object_component_ref idref="oc-1af"/>
      </symbol>
      <symbol id="sm-78b">
         <name>vListInitialise</name>
         <value>0x3b18</value>
         <object_component_ref idref="oc-1af"/>
      </symbol>
      <symbol id="sm-7da">
         <name>vPortInitialiseBlocks</name>
         <value>0x350c</value>
         <object_component_ref idref="oc-1ca"/>
      </symbol>
      <symbol id="sm-7db">
         <name>xPortGetFreeHeapSize</name>
         <value>0x3500</value>
         <object_component_ref idref="oc-1ca"/>
      </symbol>
      <symbol id="sm-7dc">
         <name>pvPortMalloc</name>
         <value>0x32fc</value>
         <object_component_ref idref="oc-1ca"/>
      </symbol>
      <symbol id="sm-7dd">
         <name>vPortFree</name>
         <value>0x349c</value>
         <object_component_ref idref="oc-1ca"/>
      </symbol>
      <symbol id="sm-80e">
         <name>pwmNotification</name>
         <value>0xe9fc</value>
         <object_component_ref idref="oc-88"/>
      </symbol>
      <symbol id="sm-80f">
         <name>sciNotification</name>
         <value>0xe9c4</value>
         <object_component_ref idref="oc-88"/>
      </symbol>
      <symbol id="sm-810">
         <name>mibspiNotification</name>
         <value>0xe99c</value>
         <object_component_ref idref="oc-88"/>
      </symbol>
      <symbol id="sm-811">
         <name>canErrorNotification</name>
         <value>0xe938</value>
         <object_component_ref idref="oc-88"/>
      </symbol>
      <symbol id="sm-812">
         <name>memoryPort1TestFailNotification</name>
         <value>0xe908</value>
         <object_component_ref idref="oc-88"/>
      </symbol>
      <symbol id="sm-813">
         <name>eqepNotification</name>
         <value>0xea50</value>
         <object_component_ref idref="oc-88"/>
      </symbol>
      <symbol id="sm-814">
         <name>canMessageNotification</name>
         <value>0xe960</value>
         <object_component_ref idref="oc-88"/>
      </symbol>
      <symbol id="sm-815">
         <name>memoryPort0TestFailNotification</name>
         <value>0xe8ec</value>
         <object_component_ref idref="oc-88"/>
      </symbol>
      <symbol id="sm-816">
         <name>spiNotification</name>
         <value>0xe9d8</value>
         <object_component_ref idref="oc-88"/>
      </symbol>
      <symbol id="sm-817">
         <name>esmGroup2Notification</name>
         <value>0xe8dc</value>
         <object_component_ref idref="oc-88"/>
      </symbol>
      <symbol id="sm-818">
         <name>spiEndNotification</name>
         <value>0xe9ec</value>
         <object_component_ref idref="oc-88"/>
      </symbol>
      <symbol id="sm-819">
         <name>dccNotification</name>
         <value>0xe974</value>
         <object_component_ref idref="oc-88"/>
      </symbol>
      <symbol id="sm-81a">
         <name>edgeNotification</name>
         <value>0xea14</value>
         <object_component_ref idref="oc-88"/>
      </symbol>
      <symbol id="sm-81b">
         <name>esmGroup1Notification</name>
         <value>0xe8cc</value>
         <object_component_ref idref="oc-88"/>
      </symbol>
      <symbol id="sm-81c">
         <name>canStatusChangeNotification</name>
         <value>0xe94c</value>
         <object_component_ref idref="oc-88"/>
      </symbol>
      <symbol id="sm-81d">
         <name>crcNotification</name>
         <value>0xea3c</value>
         <object_component_ref idref="oc-88"/>
      </symbol>
      <symbol id="sm-81e">
         <name>hetNotification</name>
         <value>0xea28</value>
         <object_component_ref idref="oc-88"/>
      </symbol>
      <symbol id="sm-81f">
         <name>mibspiGroupNotification</name>
         <value>0xe9b0</value>
         <object_component_ref idref="oc-88"/>
      </symbol>
      <symbol id="sm-820">
         <name>gioNotification</name>
         <value>0xe988</value>
         <object_component_ref idref="oc-88"/>
      </symbol>
      <symbol id="sm-821">
         <name>adcNotification</name>
         <value>0xe924</value>
         <object_component_ref idref="oc-88"/>
      </symbol>
      <symbol id="sm-876">
         <name>esmClearStatus</name>
         <value>0xdb18</value>
         <object_component_ref idref="oc-bc"/>
      </symbol>
      <symbol id="sm-877">
         <name>esmInit</name>
         <value>0xd87c</value>
         <object_component_ref idref="oc-bc"/>
      </symbol>
      <symbol id="sm-878">
         <name>esmGetStatus</name>
         <value>0xdba4</value>
         <object_component_ref idref="oc-bc"/>
      </symbol>
      <symbol id="sm-879">
         <name>esmSelfTestStatus</name>
         <value>0xdd00</value>
         <object_component_ref idref="oc-bc"/>
      </symbol>
      <symbol id="sm-87a">
         <name>esmGetStatusBuffer</name>
         <value>0xdc18</value>
         <object_component_ref idref="oc-bc"/>
      </symbol>
      <symbol id="sm-87b">
         <name>esmDisableError</name>
         <value>0xd9f0</value>
         <object_component_ref idref="oc-bc"/>
      </symbol>
      <symbol id="sm-87c">
         <name>esmEnterSelfTest</name>
         <value>0xdc78</value>
         <object_component_ref idref="oc-bc"/>
      </symbol>
      <symbol id="sm-87d">
         <name>esmError</name>
         <value>0xd9a8</value>
         <object_component_ref idref="oc-bc"/>
      </symbol>
      <symbol id="sm-87e">
         <name>esmSetCounterPreloadValue</name>
         <value>0xdb84</value>
         <object_component_ref idref="oc-bc"/>
      </symbol>
      <symbol id="sm-87f">
         <name>esmSetInterruptLevel</name>
         <value>0xda94</value>
         <object_component_ref idref="oc-bc"/>
      </symbol>
      <symbol id="sm-880">
         <name>esmHighInterrupt</name>
         <value>0xecec</value>
         <object_component_ref idref="oc-4a"/>
      </symbol>
      <symbol id="sm-881">
         <name>esmClearStatusBuffer</name>
         <value>0xdb58</value>
         <object_component_ref idref="oc-bc"/>
      </symbol>
      <symbol id="sm-882">
         <name>esmEnableInterrupt</name>
         <value>0xda3c</value>
         <object_component_ref idref="oc-bc"/>
      </symbol>
      <symbol id="sm-883">
         <name>esmActivateNormalOperation</name>
         <value>0xda2c</value>
         <object_component_ref idref="oc-bc"/>
      </symbol>
      <symbol id="sm-884">
         <name>esmEnableError</name>
         <value>0xd9c4</value>
         <object_component_ref idref="oc-bc"/>
      </symbol>
      <symbol id="sm-885">
         <name>esmTriggerErrorPinReset</name>
         <value>0xda1c</value>
         <object_component_ref idref="oc-bc"/>
      </symbol>
      <symbol id="sm-886">
         <name>esmDisableInterrupt</name>
         <value>0xda68</value>
         <object_component_ref idref="oc-bc"/>
      </symbol>
      <symbol id="sm-887">
         <name>esmGetConfigValue</name>
         <value>0xdd50</value>
         <object_component_ref idref="oc-bc"/>
      </symbol>
      <symbol id="sm-89f">
         <name>_dabort</name>
         <value>0xf02c</value>
         <object_component_ref idref="oc-ad"/>
      </symbol>
      <symbol id="sm-8c1">
         <name>__TI_auto_init</name>
         <value>0x237d</value>
         <object_component_ref idref="oc-c2"/>
      </symbol>
      <symbol id="sm-8d8">
         <name>__TI_decompress_none</name>
         <value>0x24d3</value>
         <object_component_ref idref="oc-1e"/>
      </symbol>
      <symbol id="sm-8fc">
         <name>__TI_decompress_rle24</name>
         <value>0x2471</value>
         <object_component_ref idref="oc-2a"/>
      </symbol>
      <symbol id="sm-910">
         <name>__TI_zero_init</name>
         <value>0x24c1</value>
         <object_component_ref idref="oc-24"/>
      </symbol>
      <symbol id="sm-929">
         <name>copy_in</name>
         <value>0x2479</value>
         <object_component_ref idref="oc-16a"/>
      </symbol>
      <symbol id="sm-948">
         <name>C$$EXIT</name>
         <value>0xf4dd</value>
         <object_component_ref idref="oc-cd"/>
      </symbol>
      <symbol id="sm-949">
         <name>abort</name>
         <value>0xf4e1</value>
         <object_component_ref idref="oc-cd"/>
      </symbol>
      <symbol id="sm-94a">
         <name>exit</name>
         <value>0xf4e9</value>
         <object_component_ref idref="oc-cd"/>
      </symbol>
      <symbol id="sm-94b">
         <name>__TI_dtors_ptr</name>
         <value>0x8003d0c</value>
         <object_component_ref idref="oc-175"/>
      </symbol>
      <symbol id="sm-94c">
         <name>__TI_cleanup_ptr</name>
         <value>0x8003d08</value>
         <object_component_ref idref="oc-175"/>
      </symbol>
      <symbol id="sm-960">
         <name>__aeabi_ddiv</name>
         <value>0xebb5</value>
         <object_component_ref idref="oc-2c1"/>
      </symbol>
      <symbol id="sm-96b">
         <name>__aeabi_dmul</name>
         <value>0xef31</value>
         <object_component_ref idref="oc-2bc"/>
      </symbol>
      <symbol id="sm-98b">
         <name>memcpy</name>
         <value>0xf115</value>
         <object_component_ref idref="oc-68"/>
      </symbol>
      <symbol id="sm-98c">
         <name>__aeabi_memcpy</name>
         <value>0xf115</value>
         <object_component_ref idref="oc-68"/>
      </symbol>
      <symbol id="sm-98d">
         <name>__aeabi_memcpy8</name>
         <value>0xf115</value>
         <object_component_ref idref="oc-68"/>
      </symbol>
      <symbol id="sm-98e">
         <name>__aeabi_memcpy4</name>
         <value>0xf115</value>
         <object_component_ref idref="oc-68"/>
      </symbol>
      <symbol id="sm-99d">
         <name>__aeabi_memset</name>
         <value>0xf2bf</value>
         <object_component_ref idref="oc-1d0"/>
      </symbol>
      <symbol id="sm-99e">
         <name>memset</name>
         <value>0xf2c5</value>
         <object_component_ref idref="oc-1d0"/>
      </symbol>
      <symbol id="sm-99f">
         <name>__aeabi_memset8</name>
         <value>0xf2bf</value>
         <object_component_ref idref="oc-1d0"/>
      </symbol>
      <symbol id="sm-9a0">
         <name>__aeabi_memset4</name>
         <value>0xf2bf</value>
         <object_component_ref idref="oc-1d0"/>
      </symbol>
      <symbol id="sm-9a1">
         <name>__aeabi_memclr8</name>
         <value>0xf2bd</value>
         <object_component_ref idref="oc-1d0"/>
      </symbol>
      <symbol id="sm-9a2">
         <name>__aeabi_memclr4</name>
         <value>0xf2bd</value>
         <object_component_ref idref="oc-1d0"/>
      </symbol>
      <symbol id="sm-9a3">
         <name>__aeabi_memclr</name>
         <value>0xf2bd</value>
         <object_component_ref idref="oc-1d0"/>
      </symbol>
      <symbol id="sm-9bc">
         <name>sprintf</name>
         <value>0xf335</value>
         <object_component_ref idref="oc-1d5"/>
      </symbol>
      <symbol id="sm-9cc">
         <name>strcat</name>
         <value>0xf59b</value>
         <object_component_ref idref="oc-1bb"/>
      </symbol>
      <symbol id="sm-9dc">
         <name>strncpy</name>
         <value>0xf521</value>
         <object_component_ref idref="oc-1c4"/>
      </symbol>
      <symbol id="sm-9f7">
         <name>_nop</name>
         <value>0xf5f3</value>
         <object_component_ref idref="oc-1f5"/>
      </symbol>
      <symbol id="sm-9f8">
         <name>_lock</name>
         <value>0x8003d00</value>
         <object_component_ref idref="oc-172"/>
      </symbol>
      <symbol id="sm-9f9">
         <name>_unlock</name>
         <value>0x8003d04</value>
         <object_component_ref idref="oc-172"/>
      </symbol>
      <symbol id="sm-9fa">
         <name>_register_lock</name>
         <value>0xf5eb</value>
         <object_component_ref idref="oc-1f5"/>
      </symbol>
      <symbol id="sm-9fb">
         <name>_register_unlock</name>
         <value>0xf5e5</value>
         <object_component_ref idref="oc-1f5"/>
      </symbol>
      <symbol id="sm-ae6">
         <name>__TI_printfi</name>
         <value>0xc273</value>
         <object_component_ref idref="oc-245"/>
      </symbol>
      <symbol id="sm-afb">
         <name>atoi</name>
         <value>0xf3f5</value>
         <object_component_ref idref="oc-2ec"/>
      </symbol>
      <symbol id="sm-b06">
         <name>_ctypes_</name>
         <value>0xf794</value>
         <object_component_ref idref="oc-322"/>
      </symbol>
      <symbol id="sm-b1d">
         <name>__aeabi_dsub</name>
         <value>0xe715</value>
         <object_component_ref idref="oc-2db"/>
      </symbol>
      <symbol id="sm-b1e">
         <name>__aeabi_dadd</name>
         <value>0xe71f</value>
         <object_component_ref idref="oc-2db"/>
      </symbol>
      <symbol id="sm-b40">
         <name>__aeabi_cdcmpeq</name>
         <value>0xf1b1</value>
         <object_component_ref idref="oc-2b7"/>
      </symbol>
      <symbol id="sm-b41">
         <name>__aeabi_cdcmple</name>
         <value>0xf1b1</value>
         <object_component_ref idref="oc-2b7"/>
      </symbol>
      <symbol id="sm-b42">
         <name>__aeabi_cdrcmple</name>
         <value>0xf237</value>
         <object_component_ref idref="oc-2c6"/>
      </symbol>
      <symbol id="sm-b4c">
         <name>__aeabi_d2iz</name>
         <value>0xf493</value>
         <object_component_ref idref="oc-2cb"/>
      </symbol>
      <symbol id="sm-b57">
         <name>__aeabi_i2d</name>
         <value>0xf551</value>
         <object_component_ref idref="oc-2d6"/>
      </symbol>
      <symbol id="sm-b60">
         <name>__aeabi_lmul</name>
         <value>0xf5b5</value>
         <object_component_ref idref="oc-2ac"/>
      </symbol>
      <symbol id="sm-b6f">
         <name>ltoa</name>
         <value>0xf399</value>
         <object_component_ref idref="oc-2d0"/>
      </symbol>
      <symbol id="sm-b7f">
         <name>memccpy</name>
         <value>0xf57f</value>
         <object_component_ref idref="oc-2e6"/>
      </symbol>
      <symbol id="sm-b8d">
         <name>strlen</name>
         <value>0xf5cd</value>
         <object_component_ref idref="oc-2b1"/>
      </symbol>
      <symbol id="sm-ba9">
         <name>__aeabi_uldivmod</name>
         <value>0xe1f0</value>
         <object_component_ref idref="oc-2a7"/>
      </symbol>
      <symbol id="sm-bb3">
         <name>_Dclass</name>
         <value>0xf5f9</value>
         <object_component_ref idref="oc-2e0"/>
      </symbol>
      <symbol id="sm-bc5">
         <name>_Dtest</name>
         <value>0xf445</value>
         <object_component_ref idref="oc-319"/>
      </symbol>
      <symbol id="sm-bd4">
         <name>__TI_static_base__</name>
         <value>0x0</value>
      </symbol>
      <symbol id="sm-bd5">
         <name>SHT$$INIT_ARRAY$$Limit</name>
         <value>0x0</value>
      </symbol>
      <symbol id="sm-bd6">
         <name>SHT$$INIT_ARRAY$$Base</name>
         <value>0x0</value>
      </symbol>
   </symbol_table>
   <title>Link successful</title>
</link_info>
